Merged matrix: (365, 212)  2019-01-04 ~ 2025-12-26
flat M1 (read baseline_predictions): 257 test weeks (2021-01-22~2025-12-19)
deep dataset: N=357 lookback=8

[fin] rolling-origin deep training...
    fit #1 @ week 2021-02-19 (train=104)
    fit #2 @ week 2021-05-21 (train=117)
    fit #3 @ week 2021-08-20 (train=130)
    fit #4 @ week 2021-11-19 (train=143)
    fit #5 @ week 2022-02-18 (train=156)
    fit #6 @ week 2022-05-20 (train=169)
    fit #7 @ week 2022-08-19 (train=182)
    fit #8 @ week 2022-11-18 (train=195)
    fit #9 @ week 2023-02-17 (train=208)
    fit #10 @ week 2023-05-19 (train=221)
    fit #11 @ week 2023-08-18 (train=234)
    fit #12 @ week 2023-11-17 (train=247)
    fit #13 @ week 2024-02-16 (train=260)
    fit #14 @ week 2024-05-17 (train=273)
    fit #15 @ week 2024-08-16 (train=286)
    fit #16 @ week 2024-11-15 (train=299)
    fit #17 @ week 2025-02-14 (train=312)
    fit #18 @ week 2025-05-16 (train=325)
    fit #19 @ week 2025-08-15 (train=338)
    fit #20 @ week 2025-11-14 (train=351)
[ship] rolling-origin deep training...
    fit #1 @ week 2021-02-19 (train=104)
    fit #2 @ week 2021-05-21 (train=117)
    fit #3 @ week 2021-08-20 (train=130)
    fit #4 @ week 2021-11-19 (train=143)
    fit #5 @ week 2022-02-18 (train=156)
    fit #6 @ week 2022-05-20 (train=169)
    fit #7 @ week 2022-08-19 (train=182)
    fit #8 @ week 2022-11-18 (train=195)
    fit #9 @ week 2023-02-17 (train=208)
    fit #10 @ week 2023-05-19 (train=221)
    fit #11 @ week 2023-08-18 (train=234)
    fit #12 @ week 2023-11-17 (train=247)
    fit #13 @ week 2024-02-16 (train=260)
    fit #14 @ week 2024-05-17 (train=273)
    fit #15 @ week 2024-08-16 (train=286)
    fit #16 @ week 2024-11-15 (train=299)
    fit #17 @ week 2025-02-14 (train=312)
    fit #18 @ week 2025-05-16 (train=325)
    fit #19 @ week 2025-08-15 (train=338)
    fit #20 @ week 2025-11-14 (train=351)
[rs] rolling-origin deep training...
    fit #1 @ week 2021-02-19 (train=104)
    fit #2 @ week 2021-05-21 (train=117)
    fit #3 @ week 2021-08-20 (train=130)
    fit #4 @ week 2021-11-19 (train=143)
    fit #5 @ week 2022-02-18 (train=156)
    fit #6 @ week 2022-05-20 (train=169)
    fit #7 @ week 2022-08-19 (train=182)
    fit #8 @ week 2022-11-18 (train=195)
    fit #9 @ week 2023-02-17 (train=208)
    fit #10 @ week 2023-05-19 (train=221)
    fit #11 @ week 2023-08-18 (train=234)
    fit #12 @ week 2023-11-17 (train=247)
    fit #13 @ week 2024-02-16 (train=260)
    fit #14 @ week 2024-05-17 (train=273)
    fit #15 @ week 2024-08-16 (train=286)
    fit #16 @ week 2024-11-15 (train=299)
    fit #17 @ week 2025-02-14 (train=312)
    fit #18 @ week 2025-05-16 (train=325)
    fit #19 @ week 2025-08-15 (train=338)
    fit #20 @ week 2025-11-14 (train=351)
[fusion] rolling-origin deep training...
    fit #1 @ week 2021-02-19 (train=104)
    fit #2 @ week 2021-05-21 (train=117)
    fit #3 @ week 2021-08-20 (train=130)
    fit #4 @ week 2021-11-19 (train=143)
    fit #5 @ week 2022-02-18 (train=156)
    fit #6 @ week 2022-05-20 (train=169)
    fit #7 @ week 2022-08-19 (train=182)
    fit #8 @ week 2022-11-18 (train=195)
    fit #9 @ week 2023-02-17 (train=208)
    fit #10 @ week 2023-05-19 (train=221)
    fit #11 @ week 2023-08-18 (train=234)
    fit #12 @ week 2023-11-17 (train=247)
    fit #13 @ week 2024-02-16 (train=260)
    fit #14 @ week 2024-05-17 (train=273)
    fit #15 @ week 2024-08-16 (train=286)
    fit #16 @ week 2024-11-15 (train=299)
    fit #17 @ week 2025-02-14 (train=312)
    fit #18 @ week 2025-05-16 (train=325)
    fit #19 @ week 2025-08-15 (train=338)
    fit #20 @ week 2025-11-14 (train=351)
[m4rep] rolling-origin deep training...
    fit #1 @ week 2021-02-19 (train=104)
    fit #2 @ week 2021-05-21 (train=117)
    fit #3 @ week 2021-08-20 (train=130)
    fit #4 @ week 2021-11-19 (train=143)
    fit #5 @ week 2022-02-18 (train=156)
    fit #6 @ week 2022-05-20 (train=169)
    fit #7 @ week 2022-08-19 (train=182)
    fit #8 @ week 2022-11-18 (train=195)
    fit #9 @ week 2023-02-17 (train=208)
    fit #10 @ week 2023-05-19 (train=221)
    fit #11 @ week 2023-08-18 (train=234)
    fit #12 @ week 2023-11-17 (train=247)
    fit #13 @ week 2024-02-16 (train=260)
    fit #14 @ week 2024-05-17 (train=273)
    fit #15 @ week 2024-08-16 (train=286)
    fit #16 @ week 2024-11-15 (train=299)
    fit #17 @ week 2025-02-14 (train=312)
    fit #18 @ week 2025-05-16 (train=325)
    fit #19 @ week 2025-08-15 (train=338)
    fit #20 @ week 2025-11-14 (train=351)

Common test weeks: 253 (2021-02-19 ~ 2025-12-19)

====================================================================================================
                     RMSE      MAE   DirAcc  RMSE_skill_vs_M0  DM_stat  DM_p_better_than_M0
model                                                                                      
M0_RW              4.1717   3.0289      NaN            0.0000      NaN                  NaN
M1_Ridge           4.2791   3.1106   0.4901           -0.0257   1.6106               0.9457
M1_XGB             4.3833   3.2735   0.5534           -0.0507   2.0533               0.9795
Mfin_TCN           4.2063   3.0582   0.5099           -0.0083   0.8081               0.7901
Mship_GNN          4.1894   3.0381   0.5178           -0.0042   0.5672               0.7144
Mrs_RS             4.3074   3.0543   0.4664           -0.0325   0.8827               0.8109
Mfusion_Fusion     4.1576   3.0189   0.5534            0.0034  -0.3876               0.3493
Mfull_M4rep        4.2176   3.0896   0.5020           -0.0110   1.4158               0.9210
Naive_DirPersist      NaN      NaN   0.5020               NaN      NaN                  NaN
====================================================================================================

Nested Clark-West (one-sided p<0.05 => the 'large' model adds significant info):
                                        comparison          small          large  CW_stat   CW_p  DM_stat   DM_p
                      RS incr. (M4rep vs fin+ship) Mfusion_Fusion    Mfull_M4rep  -0.3662 0.6429   1.2709 0.8975
full representation vs flat M1 (M4rep vs M1_Ridge)       M1_Ridge    Mfull_M4rep   2.6058 0.0046  -0.8126 0.2086
                    shipping incr. (fusion vs fin)       Mfin_TCN Mfusion_Fusion   1.7198 0.0427  -0.9031 0.1837
                rs-rep vs flat M1 (rs vs M1_Ridge)       M1_Ridge         Mrs_RS   1.2624 0.1034   0.1544 0.5613
        shipping-rep vs flat M1 (ship vs M1_Ridge)       M1_Ridge      Mship_GNN   2.9313 0.0017  -1.2459 0.1070

Elapsed 686s
Saved: /Users/shirly/CASA/casa0004 Dissertation/05_outputs/baselines/deep/deep_metrics.csv
       /Users/shirly/CASA/casa0004 Dissertation/05_outputs/baselines/deep/deep_cw.csv
       /Users/shirly/CASA/casa0004 Dissertation/05_outputs/baselines/deep/deep_predictions.csv
       /Users/shirly/CASA/casa0004 Dissertation/05_outputs/baselines/deep/deep_backtest.png
