deep dataset N=361 lookback=4  (seed=42, epochs=80)

  Mfinship  concat  skill=+0.06% DirAcc=0.525 CWvsM0=0.1953 DMvsM1=0.0427 RMSE=4.149 (107s)
  Mfinship  gated   skill=+0.11% DirAcc=0.529 CWvsM0=0.1659 DMvsM1=0.0608 RMSE=4.147 (210s)
  Mfinship  xattn   skill=+0.74% DirAcc=0.549 CWvsM0=0.0407 DMvsM1=0.0554 RMSE=4.121 (308s)
  Mfinrs    concat  skill=-1.93% DirAcc=0.533 CWvsM0=0.9710 DMvsM1=0.3726 RMSE=4.232 (323s)
  Mfinrs    gated   skill=-2.43% DirAcc=0.475 CWvsM0=0.7690 DMvsM1=0.4851 RMSE=4.253 (339s)
  Mfinrs    xattn   skill=-5.89% DirAcc=0.455 CWvsM0=0.8984 DMvsM1=0.9132 RMSE=4.396 (355s)
  Mfull     concat  skill=-4.06% DirAcc=0.494 CWvsM0=0.6374 DMvsM1=0.6498 RMSE=4.320 (465s)
  Mfull     gated   skill=-1.28% DirAcc=0.502 CWvsM0=0.8944 DMvsM1=0.2390 RMSE=4.205 (579s)
  Mfull     xattn   skill=+0.12% DirAcc=0.564 CWvsM0=0.0178 DMvsM1=0.0878 RMSE=4.147 (684s)

============================================================
Skill vs M0 (%)  [>0 beats the random walk]:
fusion    concat  gated  xattn
combo                         
Mfinship   +0.06  +0.11  +0.74
Mfinrs     -1.93  -2.43  -5.89
Mfull      -4.06  -1.28  +0.12

CW p vs M0  [<0.05 significantly beats RW]:
fusion    concat  gated  xattn
combo                         
Mfinship  0.1953 0.1659 0.0407
Mfinrs    0.9710 0.7690 0.8984
Mfull     0.6374 0.8944 0.0178

DM p vs flat M1_Ridge  [<0.05 significantly beats flat M1]:
fusion    concat  gated  xattn
combo                         
Mfinship  0.0427 0.0608 0.0554
Mfinrs    0.3726 0.4851 0.9132
Mfull     0.6498 0.2390 0.0878
============================================================
Saved: /Users/shirly/CASA/casa0004 Dissertation/05_outputs/baselines/deep/deep_fusion_matrix.csv
       /Users/shirly/CASA/casa0004 Dissertation/05_outputs/baselines/deep/deep_fusion_matrix.png
Elapsed 684s
