Sweep: 32 runs (epochs=60)
  [1/32] seed  fusion   seed=42 lb=8 d=32 rs=meanpool lr=1e-03 wd=1e-04 dp=0.1 skill=+0.34% CW_p=0.0003 (208s)
  [2/32] seed  fusion   seed=1 lb=8 d=32 rs=meanpool lr=1e-03 wd=1e-04 dp=0.1 skill=-1.35% CW_p=0.0118 (413s)
  [3/32] seed  fusion   seed=2 lb=8 d=32 rs=meanpool lr=1e-03 wd=1e-04 dp=0.1 skill=-0.12% CW_p=0.0021 (626s)
  [4/32] seed  m4rep    seed=42 lb=8 d=32 rs=meanpool lr=1e-03 wd=1e-04 dp=0.1 skill=-1.10% CW_p=0.0046 (838s)
  [5/32] seed  m4rep    seed=1 lb=8 d=32 rs=meanpool lr=1e-03 wd=1e-04 dp=0.1 skill=-0.37% CW_p=0.0035 (1041s)
  [6/32] seed  m4rep    seed=2 lb=8 d=32 rs=meanpool lr=1e-03 wd=1e-04 dp=0.1 skill=+0.47% CW_p=0.0016 (1273s)
  [7/32] seed  m4xattn  seed=42 lb=8 d=32 rs=meanpool lr=1e-03 wd=1e-04 dp=0.1 skill=+0.18% CW_p=0.0001 (1503s)
  [8/32] seed  m4xattn  seed=1 lb=8 d=32 rs=meanpool lr=1e-03 wd=1e-04 dp=0.1 skill=-1.09% CW_p=0.0043 (1729s)
  [9/32] seed  m4xattn  seed=2 lb=8 d=32 rs=meanpool lr=1e-03 wd=1e-04 dp=0.1 skill=-5.47% CW_p=0.4317 (1954s)
  [10/32] hyper fusion   seed=42 lb=4 d=32 rs=meanpool lr=1e-03 wd=1e-04 dp=0.1 skill=-0.07% CW_p=0.0003 (2133s)
  [11/32] hyper fusion   seed=42 lb=4 d=64 rs=meanpool lr=1e-03 wd=1e-04 dp=0.1 skill=-0.59% CW_p=0.0022 (2308s)
  [12/32] hyper fusion   seed=42 lb=8 d=32 rs=meanpool lr=1e-03 wd=1e-04 dp=0.1 skill=+0.34% CW_p=0.0003 (2512s)
  [13/32] hyper fusion   seed=42 lb=8 d=64 rs=meanpool lr=1e-03 wd=1e-04 dp=0.1 skill=-0.78% CW_p=0.0037 (2764s)
  [14/32] hyper fusion   seed=42 lb=12 d=32 rs=meanpool lr=1e-03 wd=1e-04 dp=0.1 skill=-0.39% CW_p=0.0013 (3080s)
  [15/32] hyper fusion   seed=42 lb=12 d=64 rs=meanpool lr=1e-03 wd=1e-04 dp=0.1 skill=-0.36% CW_p=0.0029 (3401s)
  [16/32] hyper fusion   seed=42 lb=8 d=32 rs=meanpool lr=1e-03 wd=1e-04 dp=0.1 skill=+0.14% CW_p=0.0008 (3501s)
  [17/32] rs    rs       seed=42 lb=8 d=32 rs=meanpool lr=1e-03 wd=1e-04 dp=0.1 skill=-3.25% CW_p=0.1034 (3521s)
  [18/32] rs    rs       seed=42 lb=8 d=32 rs=cls      lr=1e-03 wd=1e-04 dp=0.1 skill=-6.70% CW_p=0.1599 (3542s)
  [19/32] rs    rs       seed=42 lb=8 d=32 rs=meanpool lr=1e-03 wd=1e-04 dp=0.3 skill=-3.37% CW_p=0.1213 (3565s)
  [20/32] rs    rs       seed=42 lb=8 d=32 rs=meanpool lr=1e-03 wd=1e-03 dp=0.1 skill=-10.61% CW_p=0.1731 (3585s)
  [21/32] rs    rs       seed=42 lb=8 d=32 rs=meanpool lr=1e-03 wd=1e-03 dp=0.3 skill=-3.27% CW_p=0.1119 (3607s)
  [22/32] rs    rs       seed=42 lb=8 d=32 rs=meanpool lr=3e-04 wd=1e-04 dp=0.1 skill=-1.59% CW_p=0.0731 (3627s)
  [23/32] rs    rs       seed=42 lb=8 d=32 rs=meanpool lr=3e-04 wd=1e-04 dp=0.3 skill=-1.91% CW_p=0.0681 (3648s)
  [24/32] rs    rs       seed=42 lb=8 d=32 rs=meanpool lr=3e-04 wd=1e-03 dp=0.1 skill=-1.73% CW_p=0.0715 (3667s)
  [25/32] rs    rs       seed=42 lb=8 d=32 rs=meanpool lr=3e-04 wd=1e-03 dp=0.3 skill=-1.99% CW_p=0.0771 (3688s)
  [26/32] reg   fusion   seed=42 lb=8 d=32 rs=meanpool lr=1e-03 wd=1e-04 dp=0.3 skill=+0.20% CW_p=0.0003 (3958s)
  [27/32] reg   fusion   seed=42 lb=8 d=32 rs=meanpool lr=1e-03 wd=1e-03 dp=0.1 skill=+0.32% CW_p=0.0003 (4202s)
  [28/32] reg   fusion   seed=42 lb=8 d=32 rs=meanpool lr=1e-03 wd=1e-03 dp=0.3 skill=+0.50% CW_p=0.0001 (4484s)
