This is XeTeX, Version 3.141592653-2.6-0.999998 (TeX Live 2026) (preloaded format=xelatex 2026.8.16)  16 AUG 2026 20:21
entering extended mode
 restricted \write18 enabled.
 %&-line parsing enabled.
**CASA-Thesis.tex
(./CASA-Thesis.tex
LaTeX2e <2026-06-01>
L3 programming layer <2026-07-20>
(/Users/shirly/Library/TinyTeX/texmf-dist/tex/latex/base/book.cls
Document Class: book 2025/01/22 v1.4n Standard LaTeX document class
(/Users/shirly/Library/TinyTeX/texmf-dist/tex/latex/base/bk12.clo
File: bk12.clo 2025/01/22 v1.4n Standard LaTeX file (size option)
)
\c@part=\count273
\c@chapter=\count274
\c@section=\count275
\c@subsection=\count276
\c@subsubsection=\count277
\c@paragraph=\count278
\c@subparagraph=\count279
\c@figure=\count280
\c@table=\count281
\abovecaptionskip=\skip49
\belowcaptionskip=\skip50
\bibindent=\dimen150
) (/Users/shirly/Library/TinyTeX/texmf-dist/tex/latex/xcolor/xcolor.sty
Package: xcolor 2024/09/29 v3.02 LaTeX color extensions (UK)
(/Users/shirly/Library/TinyTeX/texmf-dist/tex/latex/graphics-cfg/color.cfg
File: color.cfg 2016/01/02 v1.6 sample color configuration
)
Package xcolor Info: Driver file: xetex.def on input line 274.
(/Users/shirly/Library/TinyTeX/texmf-dist/tex/latex/graphics-def/xetex.def
File: xetex.def 2025/11/01 v5.0p Graphics/color driver for xetex
) (/Users/shirly/Library/TinyTeX/texmf-dist/tex/latex/graphics/mathcolor.ltx)
Package xcolor Info: Model `cmy' substituted by `cmy0' on input line 1349.
Package xcolor Info: Model `RGB' extended on input line 1365.
Package xcolor Info: Model `HTML' substituted by `rgb' on input line 1367.
Package xcolor Info: Model `Hsb' substituted by `hsb' on input line 1368.
Package xcolor Info: Model `tHsb' substituted by `hsb' on input line 1369.
Package xcolor Info: Model `HSB' substituted by `hsb' on input line 1370.
Package xcolor Info: Model `Gray' substituted by `gray' on input line 1371.
Package xcolor Info: Model `wave' substituted by `hsb' on input line 1372.
) (/Users/shirly/Library/TinyTeX/texmf-dist/tex/latex/geometry/geometry.sty
Package: geometry 2026/03/07 v6.0 Page Geometry
(/Users/shirly/Library/TinyTeX/texmf-dist/tex/latex/graphics/keyval.sty
Package: keyval 2026-05-17 v1.15 key=value parser (DPC)
\KV@toks@=\toks17
) (/Users/shirly/Library/TinyTeX/texmf-dist/tex/generic/iftex/ifvtex.sty
Package: ifvtex 2019/10/25 v1.7 ifvtex legacy package. Use iftex instead.
(/Users/shirly/Library/TinyTeX/texmf-dist/tex/generic/iftex/iftex.sty
Package: iftex 2024/12/12 v1.0g TeX engine tests
))
\Gm@cnth=\count282
\Gm@cntv=\count283
\c@Gm@tempcnt=\count284
\Gm@bindingoffset=\dimen151
\Gm@wd@mp=\dimen152
\Gm@odd@mp=\dimen153
\Gm@even@mp=\dimen154
\Gm@layoutwidth=\dimen155
\Gm@layoutheight=\dimen156
\Gm@layouthoffset=\dimen157
\Gm@layoutvoffset=\dimen158
\Gm@dimlist=\toks18
) (/Users/shirly/Library/TinyTeX/texmf-dist/tex/latex/amsmath/amsmath.sty
Package: amsmath 2026/05/19 v2.18d AMS math features
\@mathmargin=\skip51
For additional information on amsmath, use the `?' option.
(/Users/shirly/Library/TinyTeX/texmf-dist/tex/latex/amsmath/amstext.sty
Package: amstext 2024/11/17 v2.01 AMS text
(/Users/shirly/Library/TinyTeX/texmf-dist/tex/latex/amsmath/amsgen.sty
File: amsgen.sty 1999/11/30 v2.0 generic functions
\@emptytoks=\toks19
\ex@=\dimen159
)) (/Users/shirly/Library/TinyTeX/texmf-dist/tex/latex/amsmath/amsbsy.sty
Package: amsbsy 1999/11/29 v1.2d Bold Symbols
\pmbraise@=\dimen160
) (/Users/shirly/Library/TinyTeX/texmf-dist/tex/latex/amsmath/amsopn.sty
Package: amsopn 2022/04/08 v2.04 operator names
)
\inf@bad=\count285
LaTeX Info: Redefining \frac on input line 233.
\uproot@=\count286
\leftroot@=\count287
LaTeX Info: Redefining \overline on input line 398.
LaTeX Info: Redefining \colon on input line 409.
\classnum@=\count288
\DOTSCASE@=\count289
LaTeX Info: Redefining \ldots on input line 495.
LaTeX Info: Redefining \dots on input line 498.
LaTeX Info: Redefining \cdots on input line 619.
\Mathstrutbox@=\box53
\strutbox@=\box54
LaTeX Info: Redefining \big on input line 721.
LaTeX Info: Redefining \Big on input line 722.
LaTeX Info: Redefining \bigg on input line 723.
LaTeX Info: Redefining \Bigg on input line 724.
\big@size=\dimen161
LaTeX Font Info:    Redeclaring font encoding OML on input line 742.
LaTeX Font Info:    Redeclaring font encoding OMS on input line 743.
\macc@depth=\count290
LaTeX Info: Redefining \bmod on input line 904.
LaTeX Info: Redefining \pmod on input line 909.
LaTeX Info: Redefining \smash on input line 939.
LaTeX Info: Redefining \relbar on input line 969.
LaTeX Info: Redefining \Relbar on input line 970.
\c@MaxMatrixCols=\count291
\dotsspace@=\muskip17
\c@parentequation=\count292
\dspbrk@lvl=\count293
\tag@help=\toks20
\row@=\count294
\column@=\count295
\maxfields@=\count296
\andhelp@=\toks21
\eqnshift@=\dimen162
\alignsep@=\dimen163
\tagshift@=\dimen164
\tagwidth@=\dimen165
\totwidth@=\dimen166
\lineht@=\dimen167
\@envbody=\toks22
\multlinegap=\skip52
\multlinetaggap=\skip53
\mathdisplay@stack=\toks23
LaTeX Info: Redefining \[ on input line 2965.
LaTeX Info: Redefining \] on input line 2966.
) (/Users/shirly/Library/TinyTeX/texmf-dist/tex/latex/amsfonts/amssymb.sty
Package: amssymb 2013/01/14 v3.01 AMS font symbols
(/Users/shirly/Library/TinyTeX/texmf-dist/tex/latex/amsfonts/amsfonts.sty
Package: amsfonts 2013/01/14 v3.01 Basic AMSFonts support
\symAMSa=\mathgroup4
\symAMSb=\mathgroup5
LaTeX Font Info:    Redeclaring math symbol \hbar on input line 98.
LaTeX Font Info:    Overwriting math alphabet `\mathfrak' in version `bold'
(Font)                  U/euf/m/n --> U/euf/b/n on input line 106.
)) (/Users/shirly/Library/TinyTeX/texmf-dist/tex/latex/unicode-math/unicode-math.sty (/Users/shirly/Library/TinyTeX/texmf-dist/tex/latex/l3kernel/expl3.sty
Package: expl3 2026-07-20 L3 programming layer (loader) 
(/Users/shirly/Library/TinyTeX/texmf-dist/tex/latex/l3backend/l3backend-xetex.def
File: l3backend-xetex.def 2026-07-20 L3 backend support: XeTeX
\g__graphics_track_int=\count297
\g__pdfannot_backend_int=\count298
\g__pdfannot_backend_link_int=\count299
))
Package: unicode-math 2023/08/13 v0.8r Unicode maths in XeLaTeX and LuaLaTeX
(/Users/shirly/Library/TinyTeX/texmf-dist/tex/latex/unicode-math/unicode-math-xetex.sty
Package: unicode-math-xetex 2023/08/13 v0.8r Unicode maths in XeLaTeX and LuaLaTeX
(/Users/shirly/Library/TinyTeX/texmf-dist/tex/latex/l3packages/xparse/xparse.sty
Package: xparse 2025-10-09 L3 Experimental document command parser
) (/Users/shirly/Library/TinyTeX/texmf-dist/tex/latex/l3packages/l3keys2e/l3keys2e.sty
Package: l3keys2e 2025-10-09 LaTeX2e option processing using LaTeX3 keys
) (/Users/shirly/Library/TinyTeX/texmf-dist/tex/latex/fontspec/fontspec.sty
Package: fontspec 2026/08/11 v2.9h Font selection for XeLaTeX and LuaLaTeX
(/Users/shirly/Library/TinyTeX/texmf-dist/tex/latex/fontspec/fontspec-xetex.sty
Package: fontspec-xetex 2026/08/11 v2.9h Font selection for XeLaTeX and LuaLaTeX
\l__fontspec_script_int=\count300
\l__fontspec_language_int=\count301
\l__fontspec_strnum_int=\count302
\l__fontspec_tmp_int=\count303
\l__fontspec_tmpa_int=\count304
\l__fontspec_tmpb_int=\count305
\l__fontspec_tmpc_int=\count306
\l__fontspec_em_int=\count307
\l__fontspec_emdef_int=\count308
\l__fontspec_strong_int=\count309
\l__fontspec_strongdef_int=\count310
\l__fontspec_tmpa_dim=\dimen168
\l__fontspec_tmpb_dim=\dimen169
\l__fontspec_tmpc_dim=\dimen170
(/Users/shirly/Library/TinyTeX/texmf-dist/tex/latex/base/fontenc.sty
Package: fontenc 2025/07/18 v2.1d Standard LaTeX package
) (/Users/shirly/Library/TinyTeX/texmf-dist/tex/latex/fontspec/fontspec.cfg))) (/Users/shirly/Library/TinyTeX/texmf-dist/tex/latex/base/fix-cm.sty
Package: fix-cm 2020/11/24 v1.1t fixes to LaTeX
(/Users/shirly/Library/TinyTeX/texmf-dist/tex/latex/base/ts1enc.def
File: ts1enc.def 2001/06/05 v3.0e (jk/car/fm) Standard LaTeX file
LaTeX Font Info:    Redeclaring font encoding TS1 on input line 47.
LaTeX Encoding Info:    Redeclaring text command \capitalcedilla (encoding TS1) on input line 49.
LaTeX Encoding Info:    Redeclaring text command \capitalogonek (encoding TS1) on input line 52.
LaTeX Encoding Info:    Redeclaring text command \capitalgrave (encoding TS1) on input line 55.
LaTeX Encoding Info:    Redeclaring text command \capitalacute (encoding TS1) on input line 56.
LaTeX Encoding Info:    Redeclaring text command \capitalcircumflex (encoding TS1) on input line 57.
LaTeX Encoding Info:    Redeclaring text command \capitaltilde (encoding TS1) on input line 58.
LaTeX Encoding Info:    Redeclaring text command \capitaldieresis (encoding TS1) on input line 59.
LaTeX Encoding Info:    Redeclaring text command \capitalhungarumlaut (encoding TS1) on input line 60.
LaTeX Encoding Info:    Redeclaring text command \capitalring (encoding TS1) on input line 61.
LaTeX Encoding Info:    Redeclaring text command \capitalcaron (encoding TS1) on input line 62.
LaTeX Encoding Info:    Redeclaring text command \capitalbreve (encoding TS1) on input line 63.
LaTeX Encoding Info:    Redeclaring text command \capitalmacron (encoding TS1) on input line 64.
LaTeX Encoding Info:    Redeclaring text command \capitaldotaccent (encoding TS1) on input line 65.
LaTeX Encoding Info:    Redeclaring text command \t (encoding TS1) on input line 66.
LaTeX Encoding Info:    Redeclaring text command \capitaltie (encoding TS1) on input line 67.
LaTeX Encoding Info:    Redeclaring text command \newtie (encoding TS1) on input line 68.
LaTeX Encoding Info:    Redeclaring text command \capitalnewtie (encoding TS1) on input line 69.
LaTeX Encoding Info:    Redeclaring text symbol \textcapitalcompwordmark (encoding TS1) on input line 70.
LaTeX Encoding Info:    Redeclaring text symbol \textascendercompwordmark (encoding TS1) on input line 71.
LaTeX Encoding Info:    Redeclaring text symbol \textquotestraightbase (encoding TS1) on input line 72.
LaTeX Encoding Info:    Redeclaring text symbol \textquotestraightdblbase (encoding TS1) on input line 73.
LaTeX Encoding Info:    Redeclaring text symbol \texttwelveudash (encoding TS1) on input line 74.
LaTeX Encoding Info:    Redeclaring text symbol \textthreequartersemdash (encoding TS1) on input line 75.
LaTeX Encoding Info:    Redeclaring text symbol \textleftarrow (encoding TS1) on input line 76.
LaTeX Encoding Info:    Redeclaring text symbol \textrightarrow (encoding TS1) on input line 77.
LaTeX Encoding Info:    Redeclaring text symbol \textblank (encoding TS1) on input line 78.
LaTeX Encoding Info:    Redeclaring text symbol \textdollar (encoding TS1) on input line 79.
LaTeX Encoding Info:    Redeclaring text symbol \textquotesingle (encoding TS1) on input line 80.
LaTeX Encoding Info:    Redeclaring text command \textasteriskcentered (encoding TS1) on input line 81.
LaTeX Encoding Info:    Redeclaring text symbol \textdblhyphen (encoding TS1) on input line 92.
LaTeX Encoding Info:    Redeclaring text symbol \textfractionsolidus (encoding TS1) on input line 93.
LaTeX Encoding Info:    Redeclaring text symbol \textzerooldstyle (encoding TS1) on input line 94.
LaTeX Encoding Info:    Redeclaring text symbol \textoneoldstyle (encoding TS1) on input line 95.
LaTeX Encoding Info:    Redeclaring text symbol \texttwooldstyle (encoding TS1) on input line 96.
LaTeX Encoding Info:    Redeclaring text symbol \textthreeoldstyle (encoding TS1) on input line 97.
LaTeX Encoding Info:    Redeclaring text symbol \textfouroldstyle (encoding TS1) on input line 98.
LaTeX Encoding Info:    Redeclaring text symbol \textfiveoldstyle (encoding TS1) on input line 99.
LaTeX Encoding Info:    Redeclaring text symbol \textsixoldstyle (encoding TS1) on input line 100.
LaTeX Encoding Info:    Redeclaring text symbol \textsevenoldstyle (encoding TS1) on input line 101.
LaTeX Encoding Info:    Redeclaring text symbol \texteightoldstyle (encoding TS1) on input line 102.
LaTeX Encoding Info:    Redeclaring text symbol \textnineoldstyle (encoding TS1) on input line 103.
LaTeX Encoding Info:    Redeclaring text symbol \textlangle (encoding TS1) on input line 104.
LaTeX Encoding Info:    Redeclaring text symbol \textminus (encoding TS1) on input line 105.
LaTeX Encoding Info:    Redeclaring text symbol \textrangle (encoding TS1) on input line 106.
LaTeX Encoding Info:    Redeclaring text symbol \textmho (encoding TS1) on input line 107.
LaTeX Encoding Info:    Redeclaring text symbol \textbigcircle (encoding TS1) on input line 108.
LaTeX Encoding Info:    Redeclaring text command \textcircled (encoding TS1) on input line 109.
LaTeX Encoding Info:    Redeclaring text symbol \textohm (encoding TS1) on input line 115.
LaTeX Encoding Info:    Redeclaring text symbol \textlbrackdbl (encoding TS1) on input line 116.
LaTeX Encoding Info:    Redeclaring text symbol \textrbrackdbl (encoding TS1) on input line 117.
LaTeX Encoding Info:    Redeclaring text symbol \textuparrow (encoding TS1) on input line 118.
LaTeX Encoding Info:    Redeclaring text symbol \textdownarrow (encoding TS1) on input line 119.
LaTeX Encoding Info:    Redeclaring text symbol \textasciigrave (encoding TS1) on input line 120.
LaTeX Encoding Info:    Redeclaring text symbol \textborn (encoding TS1) on input line 121.
LaTeX Encoding Info:    Redeclaring text symbol \textdivorced (encoding TS1) on input line 122.
LaTeX Encoding Info:    Redeclaring text symbol \textdied (encoding TS1) on input line 123.
LaTeX Encoding Info:    Redeclaring text symbol \textleaf (encoding TS1) on input line 124.
LaTeX Encoding Info:    Redeclaring text symbol \textmarried (encoding TS1) on input line 125.
LaTeX Encoding Info:    Redeclaring text symbol \textmusicalnote (encoding TS1) on input line 126.
LaTeX Encoding Info:    Redeclaring text symbol \texttildelow (encoding TS1) on input line 127.
LaTeX Encoding Info:    Redeclaring text symbol \textdblhyphenchar (encoding TS1) on input line 128.
LaTeX Encoding Info:    Redeclaring text symbol \textasciibreve (encoding TS1) on input line 129.
LaTeX Encoding Info:    Redeclaring text symbol \textasciicaron (encoding TS1) on input line 130.
LaTeX Encoding Info:    Redeclaring text symbol \textacutedbl (encoding TS1) on input line 131.
LaTeX Encoding Info:    Redeclaring text symbol \textgravedbl (encoding TS1) on input line 132.
LaTeX Encoding Info:    Redeclaring text symbol \textdagger (encoding TS1) on input line 133.
LaTeX Encoding Info:    Redeclaring text symbol \textdaggerdbl (encoding TS1) on input line 134.
LaTeX Encoding Info:    Redeclaring text symbol \textbardbl (encoding TS1) on input line 135.
LaTeX Encoding Info:    Redeclaring text symbol \textperthousand (encoding TS1) on input line 136.
LaTeX Encoding Info:    Redeclaring text symbol \textbullet (encoding TS1) on input line 137.
LaTeX Encoding Info:    Redeclaring text symbol \textcelsius (encoding TS1) on input line 138.
LaTeX Encoding Info:    Redeclaring text symbol \textdollaroldstyle (encoding TS1) on input line 139.
LaTeX Encoding Info:    Redeclaring text symbol \textcentoldstyle (encoding TS1) on input line 140.
LaTeX Encoding Info:    Redeclaring text symbol \textflorin (encoding TS1) on input line 141.
LaTeX Encoding Info:    Redeclaring text symbol \textcolonmonetary (encoding TS1) on input line 142.
LaTeX Encoding Info:    Redeclaring text symbol \textwon (encoding TS1) on input line 143.
LaTeX Encoding Info:    Redeclaring text symbol \textnaira (encoding TS1) on input line 144.
LaTeX Encoding Info:    Redeclaring text symbol \textguarani (encoding TS1) on input line 145.
LaTeX Encoding Info:    Redeclaring text symbol \textpeso (encoding TS1) on input line 146.
LaTeX Encoding Info:    Redeclaring text symbol \textlira (encoding TS1) on input line 147.
LaTeX Encoding Info:    Redeclaring text symbol \textrecipe (encoding TS1) on input line 148.
LaTeX Encoding Info:    Redeclaring text symbol \textinterrobang (encoding TS1) on input line 149.
LaTeX Encoding Info:    Redeclaring text symbol \textinterrobangdown (encoding TS1) on input line 150.
LaTeX Encoding Info:    Redeclaring text symbol \textdong (encoding TS1) on input line 151.
LaTeX Encoding Info:    Redeclaring text symbol \texttrademark (encoding TS1) on input line 152.
LaTeX Encoding Info:    Redeclaring text symbol \textpertenthousand (encoding TS1) on input line 153.
LaTeX Encoding Info:    Redeclaring text symbol \textpilcrow (encoding TS1) on input line 154.
LaTeX Encoding Info:    Redeclaring text symbol \textbaht (encoding TS1) on input line 155.
LaTeX Encoding Info:    Redeclaring text symbol \textnumero (encoding TS1) on input line 156.
LaTeX Encoding Info:    Redeclaring text symbol \textdiscount (encoding TS1) on input line 157.
LaTeX Encoding Info:    Redeclaring text symbol \textestimated (encoding TS1) on input line 158.
LaTeX Encoding Info:    Redeclaring text symbol \textopenbullet (encoding TS1) on input line 159.
LaTeX Encoding Info:    Redeclaring text symbol \textservicemark (encoding TS1) on input line 160.
LaTeX Encoding Info:    Redeclaring text symbol \textlquill (encoding TS1) on input line 161.
LaTeX Encoding Info:    Redeclaring text symbol \textrquill (encoding TS1) on input line 162.
LaTeX Encoding Info:    Redeclaring text symbol \textcent (encoding TS1) on input line 163.
LaTeX Encoding Info:    Redeclaring text symbol \textsterling (encoding TS1) on input line 164.
LaTeX Encoding Info:    Redeclaring text symbol \textcurrency (encoding TS1) on input line 165.
LaTeX Encoding Info:    Redeclaring text symbol \textyen (encoding TS1) on input line 166.
LaTeX Encoding Info:    Redeclaring text symbol \textbrokenbar (encoding TS1) on input line 167.
LaTeX Encoding Info:    Redeclaring text symbol \textsection (encoding TS1) on input line 168.
LaTeX Encoding Info:    Redeclaring text symbol \textasciidieresis (encoding TS1) on input line 169.
LaTeX Encoding Info:    Redeclaring text symbol \textcopyright (encoding TS1) on input line 170.
LaTeX Encoding Info:    Redeclaring text symbol \textordfeminine (encoding TS1) on input line 171.
LaTeX Encoding Info:    Redeclaring text symbol \textcopyleft (encoding TS1) on input line 172.
LaTeX Encoding Info:    Redeclaring text symbol \textlnot (encoding TS1) on input line 173.
LaTeX Encoding Info:    Redeclaring text symbol \textcircledP (encoding TS1) on input line 174.
LaTeX Encoding Info:    Redeclaring text symbol \textregistered (encoding TS1) on input line 175.
LaTeX Encoding Info:    Redeclaring text symbol \textasciimacron (encoding TS1) on input line 176.
LaTeX Encoding Info:    Redeclaring text symbol \textdegree (encoding TS1) on input line 177.
LaTeX Encoding Info:    Redeclaring text symbol \textpm (encoding TS1) on input line 178.
LaTeX Encoding Info:    Redeclaring text symbol \texttwosuperior (encoding TS1) on input line 179.
LaTeX Encoding Info:    Redeclaring text symbol \textthreesuperior (encoding TS1) on input line 180.
LaTeX Encoding Info:    Redeclaring text symbol \textasciiacute (encoding TS1) on input line 181.
LaTeX Encoding Info:    Redeclaring text symbol \textmu (encoding TS1) on input line 182.
LaTeX Encoding Info:    Redeclaring text symbol \textparagraph (encoding TS1) on input line 183.
LaTeX Encoding Info:    Redeclaring text symbol \textperiodcentered (encoding TS1) on input line 184.
LaTeX Encoding Info:    Redeclaring text symbol \textreferencemark (encoding TS1) on input line 185.
LaTeX Encoding Info:    Redeclaring text symbol \textonesuperior (encoding TS1) on input line 186.
LaTeX Encoding Info:    Redeclaring text symbol \textordmasculine (encoding TS1) on input line 187.
LaTeX Encoding Info:    Redeclaring text symbol \textsurd (encoding TS1) on input line 188.
LaTeX Encoding Info:    Redeclaring text symbol \textonequarter (encoding TS1) on input line 189.
LaTeX Encoding Info:    Redeclaring text symbol \textonehalf (encoding TS1) on input line 190.
LaTeX Encoding Info:    Redeclaring text symbol \textthreequarters (encoding TS1) on input line 191.
LaTeX Encoding Info:    Redeclaring text symbol \texteuro (encoding TS1) on input line 192.
LaTeX Encoding Info:    Redeclaring text symbol \texttimes (encoding TS1) on input line 193.
LaTeX Encoding Info:    Redeclaring text symbol \textdiv (encoding TS1) on input line 194.
))
\g__um_fam_int=\count311
\g__um_fonts_used_int=\count312
\l__um_primecount_int=\count313
\g__um_primekern_muskip=\muskip18
(/Users/shirly/Library/TinyTeX/texmf-dist/tex/latex/unicode-math/unicode-math-table.tex))) (/Users/shirly/Library/TinyTeX/texmf-dist/tex/latex/lm/lmodern.sty
Package: lmodern 2015/05/01 v1.6.1 Latin Modern Fonts
LaTeX Font Info:    Overwriting symbol font `operators' in version `normal'
(Font)                  OT1/cmr/m/n --> OT1/lmr/m/n on input line 22.
LaTeX Font Info:    Overwriting symbol font `letters' in version `normal'
(Font)                  OML/cmm/m/it --> OML/lmm/m/it on input line 23.
LaTeX Font Info:    Overwriting symbol font `symbols' in version `normal'
(Font)                  OMS/cmsy/m/n --> OMS/lmsy/m/n on input line 24.
LaTeX Font Info:    Overwriting symbol font `largesymbols' in version `normal'
(Font)                  OMX/cmex/m/n --> OMX/lmex/m/n on input line 25.
LaTeX Font Info:    Overwriting symbol font `operators' in version `bold'
(Font)                  OT1/cmr/bx/n --> OT1/lmr/bx/n on input line 26.
LaTeX Font Info:    Overwriting symbol font `letters' in version `bold'
(Font)                  OML/cmm/b/it --> OML/lmm/b/it on input line 27.
LaTeX Font Info:    Overwriting symbol font `symbols' in version `bold'
(Font)                  OMS/cmsy/b/n --> OMS/lmsy/b/n on input line 28.
LaTeX Font Info:    Overwriting symbol font `largesymbols' in version `bold'
(Font)                  OMX/cmex/m/n --> OMX/lmex/m/n on input line 29.
LaTeX Font Info:    Overwriting math alphabet `\mathbf' in version `normal'
(Font)                  OT1/cmr/bx/n --> OT1/lmr/bx/n on input line 31.
LaTeX Font Info:    Overwriting math alphabet `\mathsf' in version `normal'
(Font)                  OT1/cmss/m/n --> OT1/lmss/m/n on input line 32.
LaTeX Font Info:    Overwriting math alphabet `\mathit' in version `normal'
(Font)                  OT1/cmr/m/it --> OT1/lmr/m/it on input line 33.
LaTeX Font Info:    Overwriting math alphabet `\mathtt' in version `normal'
(Font)                  OT1/cmtt/m/n --> OT1/lmtt/m/n on input line 34.
LaTeX Font Info:    Overwriting math alphabet `\mathbf' in version `bold'
(Font)                  OT1/cmr/bx/n --> OT1/lmr/bx/n on input line 35.
LaTeX Font Info:    Overwriting math alphabet `\mathsf' in version `bold'
(Font)                  OT1/cmss/bx/n --> OT1/lmss/bx/n on input line 36.
LaTeX Font Info:    Overwriting math alphabet `\mathit' in version `bold'
(Font)                  OT1/cmr/bx/it --> OT1/lmr/bx/it on input line 37.
LaTeX Font Info:    Overwriting math alphabet `\mathtt' in version `bold'
(Font)                  OT1/cmtt/m/n --> OT1/lmtt/m/n on input line 38.
) (/Users/shirly/Library/TinyTeX/texmf-dist/tex/latex/setspace/setspace.sty
Package: setspace 2022/12/04 v6.7b set line spacing
) (/Users/shirly/Library/TinyTeX/texmf-dist/tex/latex/tools/longtable.sty
Package: longtable 2026-01-28 v4.27 Multi-page Table package (DPC)
\LTleft=\skip54
\LTright=\skip55
\LTpre=\skip56
\LTpost=\skip57
\LTchunksize=\count314
\LTcapwidth=\dimen171
\LT@head=\box55
\LT@firsthead=\box56
\LT@foot=\box57
\LT@lastfoot=\box58
\LT@gbox=\box59
\LT@cols=\count315
\LT@rows=\count316
\c@LT@tables=\count317
\c@LT@chunks=\count318
\LT@p@ftn=\toks24
) (/Users/shirly/Library/TinyTeX/texmf-dist/tex/latex/booktabs/booktabs.sty
Package: booktabs 2020/01/12 v1.61803398 Publication quality tables
\heavyrulewidth=\dimen172
\lightrulewidth=\dimen173
\cmidrulewidth=\dimen174
\belowrulesep=\dimen175
\belowbottomsep=\dimen176
\aboverulesep=\dimen177
\abovetopsep=\dimen178
\cmidrulesep=\dimen179
\cmidrulekern=\dimen180
\defaultaddspace=\dimen181
\@cmidla=\count319
\@cmidlb=\count320
\@aboverulesep=\dimen182
\@belowrulesep=\dimen183
\@thisruleclass=\count321
\@lastruleclass=\count322
\@thisrulewidth=\dimen184
) (/Users/shirly/Library/TinyTeX/texmf-dist/tex/latex/tools/array.sty
Package: array 2026/02/24 v2.7b Tabular extension package (FMi)
\col@sep=\dimen185
\ar@mcellbox=\box60
\extrarowheight=\dimen186
\NC@list=\toks25
\extratabsurround=\skip58
\backup@length=\skip59
\ar@cellbox=\box61
)
\c@none=\count323
(/Users/shirly/Library/TinyTeX/texmf-dist/tex/latex/tools/calc.sty
Package: calc 2025/03/01 v4.3b Infix arithmetic (KKT,FJ)
\calc@Acount=\count324
\calc@Bcount=\count325
\calc@Adimen=\dimen187
\calc@Bdimen=\dimen188
\calc@Askip=\skip60
\calc@Bskip=\skip61
LaTeX Info: Redefining \setlength on input line 86.
LaTeX Info: Redefining \addtolength on input line 87.
\calc@Ccount=\count326
\calc@Cskip=\skip62
) (/Users/shirly/Library/TinyTeX/texmf-dist/tex/latex/etoolbox/etoolbox.sty
Package: etoolbox 2025/10/02 v2.5m e-TeX tools for LaTeX (JAW)
\etb@tempcnta=\count327
) (/Users/shirly/Library/TinyTeX/texmf-dist/tex/latex/mdwtools/footnote.sty
Package: footnote 1997/01/28 1.13 Save footnotes around boxes
\fn@notes=\box62
\fn@width=\dimen189
) (/Users/shirly/Library/TinyTeX/texmf-dist/tex/latex/graphics/graphicx.sty
Package: graphicx 2026-05-17 v1.2e Enhanced LaTeX Graphics (DPC,SPQR)
(/Users/shirly/Library/TinyTeX/texmf-dist/tex/latex/graphics/graphics.sty
Package: graphics 2026-05-17 v1.4h Standard LaTeX Graphics (DPC,SPQR)
(/Users/shirly/Library/TinyTeX/texmf-dist/tex/latex/graphics/trig.sty
Package: trig 2023/12/02 v1.11 sin cos tan (DPC)
) (/Users/shirly/Library/TinyTeX/texmf-dist/tex/latex/graphics-cfg/graphics.cfg
File: graphics.cfg 2016/06/04 v1.11 sample graphics configuration
)
Package graphics Info: Driver file: xetex.def on input line 106.
)
\Gin@req@height=\dimen190
\Gin@req@width=\dimen191
)
\pandoc@box=\box63
(/Users/shirly/Library/TinyTeX/texmf-dist/tex/latex/biblatex/biblatex.sty
Package: biblatex 2025/07/10 v3.21 programmable bibliographies (PK/MW)
(/Users/shirly/Library/TinyTeX/texmf-dist/tex/generic/pdftexcmds/pdftexcmds.sty
Package: pdftexcmds 2020-06-27 v0.33 Utility functions of pdfTeX for LuaTeX (HO)
(/Users/shirly/Library/TinyTeX/texmf-dist/tex/generic/infwarerr/infwarerr.sty
Package: infwarerr 2019/12/03 v1.5 Providing info/warning/error messages (HO)
) (/Users/shirly/Library/TinyTeX/texmf-dist/tex/generic/ltxcmds/ltxcmds.sty
Package: ltxcmds 2023-12-04 v1.26 LaTeX kernel commands for general use (HO)
)
Package pdftexcmds Info: \pdf@primitive is available.
Package pdftexcmds Info: \pdf@ifprimitive is available.
Package pdftexcmds Info: \pdfdraftmode not found.
) (/Users/shirly/Library/TinyTeX/texmf-dist/tex/latex/kvoptions/kvoptions.sty
Package: kvoptions 2022-06-15 v3.15 Key value format for package options (HO)
(/Users/shirly/Library/TinyTeX/texmf-dist/tex/latex/kvsetkeys/kvsetkeys.sty
Package: kvsetkeys 2022-10-05 v1.19 Key value parser (HO)
)) (/Users/shirly/Library/TinyTeX/texmf-dist/tex/latex/logreq/logreq.sty
Package: logreq 2010/08/04 v1.0 xml request logger
\lrq@indent=\count328
(/Users/shirly/Library/TinyTeX/texmf-dist/tex/latex/logreq/logreq.def
File: logreq.def 2010/08/04 v1.0 logreq spec v1.0
)) (/Users/shirly/Library/TinyTeX/texmf-dist/tex/latex/base/ifthen.sty
Package: ifthen 2024/03/16 v1.1e Standard LaTeX ifthen package (DPC)
) (/Users/shirly/Library/TinyTeX/texmf-dist/tex/latex/url/url.sty
\Urlmuskip=\muskip19
Package: url 2013/09/16  ver 3.4  Verb mode for urls, etc.
)
\c@tabx@nest=\count329
\c@listtotal=\count330
\c@listcount=\count331
\c@liststart=\count332
\c@liststop=\count333
\c@citecount=\count334
\c@citetotal=\count335
\c@multicitecount=\count336
\c@multicitetotal=\count337
\c@instcount=\count338
\c@maxnames=\count339
\c@minnames=\count340
\c@maxitems=\count341
\c@minitems=\count342
\c@citecounter=\count343
\c@maxcitecounter=\count344
\c@savedcitecounter=\count345
\c@uniquelist=\count346
\c@uniquename=\count347
\c@refsection=\count348
\c@refsegment=\count349
\c@maxextratitle=\count350
\c@maxextratitleyear=\count351
\c@maxextraname=\count352
\c@maxextradate=\count353
\c@maxextraalpha=\count354
\c@abbrvpenalty=\count355
\c@highnamepenalty=\count356
\c@lownamepenalty=\count357
\c@maxparens=\count358
\c@parenlevel=\count359
\blx@tempcnta=\count360
\blx@tempcntb=\count361
\blx@tempcntc=\count362
\c@blx@maxsection=\count363
\blx@maxsegment@0=\count364
\blx@notetype=\count365
\blx@parenlevel@text=\count366
\blx@parenlevel@foot=\count367
\blx@sectionciteorder@0=\count368
\blx@sectionciteorderinternal@0=\count369
\blx@entrysetcounter=\count370
\blx@biblioinstance=\count371
\labelnumberwidth=\skip63
\labelalphawidth=\skip64
\biblabelsep=\skip65
\bibitemsep=\skip66
\bibnamesep=\skip67
\bibinitsep=\skip68
\bibparsep=\skip69
\bibhang=\skip70
\blx@bcfin=\read2
\blx@bcfout=\write3
\blx@langwohyphens=\language3
\c@mincomprange=\count372
\c@maxcomprange=\count373
\c@mincompwidth=\count374
Package biblatex Info: Trying to load biblatex default data model...
Package biblatex Info: ... file 'blx-dm.def' found.
(/Users/shirly/Library/TinyTeX/texmf-dist/tex/latex/biblatex/blx-dm.def
File: blx-dm.def 2025/07/10 v3.21 biblatex datamodel (PK/MW)
)
Package biblatex Info: Trying to load biblatex style data model...
Package biblatex Info: ... file 'apa.dbx' found.
(/Users/shirly/Library/TinyTeX/texmf-dist/tex/latex/biblatex-apa/apa.dbx
File: apa.dbx 2025/08/27 v9.20 APA biblatex style data model
)
Package biblatex Info: Trying to load biblatex custom data model...
Package biblatex Info: ... file 'biblatex-dm.cfg' not found.
\c@afterword=\count375
\c@savedafterword=\count376
\c@annotator=\count377
\c@savedannotator=\count378
\c@author=\count379
\c@savedauthor=\count380
\c@bookauthor=\count381
\c@savedbookauthor=\count382
\c@commentator=\count383
\c@savedcommentator=\count384
\c@editor=\count385
\c@savededitor=\count386
\c@editora=\count387
\c@savededitora=\count388
\c@editorb=\count389
\c@savededitorb=\count390
\c@editorc=\count391
\c@savededitorc=\count392
\c@foreword=\count393
\c@savedforeword=\count394
\c@holder=\count395
\c@savedholder=\count396
\c@introduction=\count397
\c@savedintroduction=\count398
\c@namea=\count399
\c@savednamea=\count400
\c@nameb=\count401
\c@savednameb=\count402
\c@namec=\count403
\c@savednamec=\count404
\c@translator=\count405
\c@savedtranslator=\count406
\c@shortauthor=\count407
\c@savedshortauthor=\count408
\c@shorteditor=\count409
\c@savedshorteditor=\count410
\c@narrator=\count411
\c@savednarrator=\count412
\c@execproducer=\count413
\c@savedexecproducer=\count414
\c@execdirector=\count415
\c@savedexecdirector=\count416
\c@with=\count417
\c@savedwith=\count418
\c@labelname=\count419
\c@savedlabelname=\count420
\c@institution=\count421
\c@savedinstitution=\count422
\c@lista=\count423
\c@savedlista=\count424
\c@listb=\count425
\c@savedlistb=\count426
\c@listc=\count427
\c@savedlistc=\count428
\c@listd=\count429
\c@savedlistd=\count430
\c@liste=\count431
\c@savedliste=\count432
\c@listf=\count433
\c@savedlistf=\count434
\c@location=\count435
\c@savedlocation=\count436
\c@organization=\count437
\c@savedorganization=\count438
\c@origlocation=\count439
\c@savedoriglocation=\count440
\c@origpublisher=\count441
\c@savedorigpublisher=\count442
\c@publisher=\count443
\c@savedpublisher=\count444
\c@language=\count445
\c@savedlanguage=\count446
\c@origlanguage=\count447
\c@savedoriglanguage=\count448
\c@citation=\count449
\c@savedcitation=\count450
\c@pageref=\count451
\c@savedpageref=\count452
\shorthandwidth=\skip71
\shortjournalwidth=\skip72
\shortserieswidth=\skip73
\shorttitlewidth=\skip74
\shortauthorwidth=\skip75
\shorteditorwidth=\skip76
\locallabelnumberwidth=\skip77
\locallabelalphawidth=\skip78
\localshorthandwidth=\skip79
\localshortjournalwidth=\skip80
\localshortserieswidth=\skip81
\localshorttitlewidth=\skip82
\localshortauthorwidth=\skip83
\localshorteditorwidth=\skip84
Package biblatex Info: Trying to load enhanced support for Unicode engines...
Package biblatex Info: ... file 'blx-unicode.def' found.
(/Users/shirly/Library/TinyTeX/texmf-dist/tex/latex/biblatex/blx-unicode.def)
Package biblatex Info: Trying to load compatibility code...
Package biblatex Info: ... file 'blx-compat.def' found.
(/Users/shirly/Library/TinyTeX/texmf-dist/tex/latex/biblatex/blx-compat.def
File: blx-compat.def 2025/07/10 v3.21 biblatex compatibility (PK/MW)
)
Package biblatex Info: Trying to load generic definitions...
Package biblatex Info: ... file 'biblatex.def' found.
(/Users/shirly/Library/TinyTeX/texmf-dist/tex/latex/biblatex/biblatex.def
File: biblatex.def 2025/07/10 v3.21 biblatex compatibility (PK/MW)
\c@textcitecount=\count453
\c@textcitetotal=\count454
\c@textcitemaxnames=\count455
\c@biburlbigbreakpenalty=\count456
\c@biburlbreakpenalty=\count457
\c@biburlnumpenalty=\count458
\c@biburlucpenalty=\count459
\c@biburllcpenalty=\count460
\biburlbigskip=\muskip20
\biburlnumskip=\muskip21
\biburlucskip=\muskip22
\biburllcskip=\muskip23
\c@smartand=\count461
)
Package biblatex Info: Trying to load bibliography style 'apa'...
Package biblatex Info: ... file 'apa.bbx' found.
(/Users/shirly/Library/TinyTeX/texmf-dist/tex/latex/biblatex-apa/apa.bbx
File: apa.bbx 2025/08/27 v9.20 APA biblatex references style
Package biblatex Info: Trying to load bibliography style 'standard'...
Package biblatex Info: ... file 'standard.bbx' found.
(/Users/shirly/Library/TinyTeX/texmf-dist/tex/latex/biblatex/bbx/standard.bbx
File: standard.bbx 2025/07/10 v3.21 biblatex bibliography style (PK/MW)
\c@bbx:relatedcount=\count462
\c@bbx:relatedtotal=\count463
)
Package biblatex Info: Delimiter 'nameyeardelim' in context 'bib' already defined, overwriting.
Package biblatex Info: Delimiter 'nameyeardelim' in context 'biblist' already defined, overwriting.
Package biblatex Info: Delimiter 'nonameyeardelim' in context 'bib' already defined, overwriting.
Package biblatex Info: Delimiter 'nonameyeardelim' in context 'biblist' already defined, overwriting.
)
Package biblatex Info: Trying to load citation style 'apa'...
Package biblatex Info: ... file 'apa.cbx' found.
(/Users/shirly/Library/TinyTeX/texmf-dist/tex/latex/biblatex-apa/apa.cbx
File: apa.cbx 2025/08/27 v9.20 APA biblatex citation style
Package biblatex Info: Delimiter 'nameyeardelim' in context '' already defined, overwriting.
Package biblatex Info: Delimiter 'andothersdelim' in context '' already defined, overwriting.
Package biblatex Info: Redefining '\fullcite'.
Package biblatex Info: Redefining '\citeauthor'.
Package biblatex Info: Redefining '\citeyear'.
Package biblatex Info: Redefining '\cite'.
Package biblatex Info: Redefining '\cites'.
Package biblatex Info: Redefining '\parencite'.
Package biblatex Info: Redefining '\parencites'.
Package biblatex Info: Redefining '\footcite'.
Package biblatex Info: Redefining '\footcites'.
Package biblatex Info: Redefining '\footcitetext'.
Package biblatex Info: Redefining '\footcitetexts'.
Package biblatex Info: Redefining '\smartcite'.
Package biblatex Info: Redefining '\smartcites'.
Package biblatex Info: Redefining '\textcite'.
Package biblatex Info: Redefining '\textcites'.
)
Package biblatex Info: Trying to load configuration file...
Package biblatex Info: ... file 'biblatex.cfg' found.
(/Users/shirly/Library/TinyTeX/texmf-dist/tex/latex/biblatex/biblatex.cfg
File: biblatex.cfg 
)
Package biblatex Info: XeTeX detected.
(biblatex)             Assuming input encoding 'utf8'.
Package biblatex Info: Document encoding is UTF8 ....
Package biblatex Info: ... and expl3
(biblatex)             2026-07-20 L3 programming layer (loader) 
(biblatex)             is new enough (at least 2020/04/06),
(biblatex)             setting 'casechanger=expl3'.
(/Users/shirly/Library/TinyTeX/texmf-dist/tex/latex/biblatex/blx-case-expl3.sty
Package: blx-case-expl3 2025/07/10 v3.21 expl3 case changing code for biblatex
)) (/Users/shirly/Library/TinyTeX/texmf-dist/tex/latex/hyphenat/hyphenat.sty
Package: hyphenat 2009/09/02 v2.3c hyphenation utilities
\langwohyphens=\language4
LaTeX Info: Redefining \_ on input line 43.
) (/Users/shirly/Library/TinyTeX/texmf-dist/tex/latex/tocbibind/tocbibind.sty
Package: tocbibind 2026/06/01 v1.5l extra ToC listings
Package tocbibind Info: The document has chapter divisions on input line 50.

Package tocbibind Note: Using chapter style headings, unless overridden.

) (/Users/shirly/Library/TinyTeX/texmf-dist/tex/latex/pdfpages/pdfpages.sty
Package: pdfpages 2026/03/30 v0.6h Insert pages of external PDF documents (AM)
(/Users/shirly/Library/TinyTeX/texmf-dist/tex/latex/eso-pic/eso-pic.sty
Package: eso-pic 2026/05/31 v3.0e eso-pic (RN)
\ESO@tempdima=\dimen192
\ESO@tempdimb=\dimen193
)
\AM@pagewidth=\dimen194
\AM@pageheight=\dimen195
\AM@fboxrule=\dimen196
(/Users/shirly/Library/TinyTeX/texmf-dist/tex/latex/pdfpages/ppxetex.def
File: ppxetex.def 2026/03/30 v0.6h Pdfpages driver for XeTeX (AM)
)
\pdfpages@includegraphics@status=\count464
\AM@pagebox=\box64
\AM@global@opts=\toks26
\AM@pagecnt=\count465
\AM@toc@title=\toks27
\AM@lof@heading=\toks28
\c@AM@survey=\count466
\AM@templatesizebox=\box65
) (/Users/shirly/Library/TinyTeX/texmf-dist/tex/latex/caption/caption.sty
Package: caption 2023/08/05 v3.6o Customizing captions (AR)
(/Users/shirly/Library/TinyTeX/texmf-dist/tex/latex/caption/caption3.sty
Package: caption3 2023/07/31 v2.4d caption3 kernel (AR)
\caption@tempdima=\dimen197
\captionmargin=\dimen198
\caption@leftmargin=\dimen199
\caption@rightmargin=\dimen256
\caption@width=\dimen257
\caption@indent=\dimen258
\caption@parindent=\dimen259
\caption@hangindent=\dimen260
Package caption Info: Standard document class detected.
)
\c@caption@flags=\count467
\c@continuedfloat=\count468
Package caption Info: longtable package is loaded.
(/Users/shirly/Library/TinyTeX/texmf-dist/tex/latex/caption/ltcaption.sty
Package: ltcaption 2021/01/08 v1.4c longtable captions (AR)
)) (/Users/shirly/Library/TinyTeX/texmf-dist/tex/latex/fancyhdr/fancyhdr.sty
Package: fancyhdr 2025/02/07 v5.2 Extensive control of page headers and footers
\f@nch@headwidth=\skip85
\f@nch@offset@elh=\skip86
\f@nch@offset@erh=\skip87
\f@nch@offset@olh=\skip88
\f@nch@offset@orh=\skip89
\f@nch@offset@elf=\skip90
\f@nch@offset@erf=\skip91
\f@nch@offset@olf=\skip92
\f@nch@offset@orf=\skip93
\f@nch@height=\skip94
\f@nch@footalignment=\skip95
\f@nch@widthL=\skip96
\f@nch@widthC=\skip97
\f@nch@widthR=\skip98
\@temptokenb=\toks29
)

Package fancyhdr Warning: \fancyhead's `E' option without twoside option is useless.
(fancyhdr)                Please consider using the `twoside' option on input line 86.


Package fancyhdr Warning: \fancyfoot's `E' option without twoside option is useless.
(fancyhdr)                Please consider using the `twoside' option on input line 87.

(/Users/shirly/Library/TinyTeX/texmf-dist/tex/latex/bookmark/bookmark.sty
Package: bookmark 2026-05-21 v1.32 PDF bookmarks (HO)
(/Users/shirly/Library/TinyTeX/texmf-dist/tex/latex/hyperref/hyperref.sty
Package: hyperref 2026-06-17 v7.01r Hypertext links for LaTeX
(/Users/shirly/Library/TinyTeX/texmf-dist/tex/generic/kvdefinekeys/kvdefinekeys.sty
Package: kvdefinekeys 2019-12-19 v1.6 Define keys (HO)
) (/Users/shirly/Library/TinyTeX/texmf-dist/tex/generic/pdfescape/pdfescape.sty
Package: pdfescape 2019/12/09 v1.15 Implements pdfTeX's escape features (HO)
) (/Users/shirly/Library/TinyTeX/texmf-dist/tex/latex/hycolor/hycolor.sty
Package: hycolor 2020-01-27 v1.10 Color options for hyperref/bookmark (HO)
) (/Users/shirly/Library/TinyTeX/texmf-dist/tex/latex/hyperref/nameref.sty
Package: nameref 2026-01-29 v2.58 Cross-referencing by name of section
(/Users/shirly/Library/TinyTeX/texmf-dist/tex/latex/refcount/refcount.sty
Package: refcount 2019/12/15 v3.6 Data extraction from label references (HO)
) (/Users/shirly/Library/TinyTeX/texmf-dist/tex/generic/gettitlestring/gettitlestring.sty
Package: gettitlestring 2019/12/15 v1.6 Cleanup title references (HO)
)
\c@section@level=\count469
) (/Users/shirly/Library/TinyTeX/texmf-dist/tex/generic/stringenc/stringenc.sty
Package: stringenc 2019/11/29 v1.12 Convert strings between diff. encodings (HO)
)
\@linkdim=\dimen261
\Hy@linkcounter=\count470
\Hy@pagecounter=\count471
(/Users/shirly/Library/TinyTeX/texmf-dist/tex/latex/hyperref/pd1enc.def
File: pd1enc.def 2026-06-17 v7.01r Hyperref: PDFDocEncoding definition (HO)
) (/Users/shirly/Library/TinyTeX/texmf-dist/tex/generic/intcalc/intcalc.sty
Package: intcalc 2019/12/15 v1.3 Expandable calculations with integers (HO)
)
\Hy@SavedSpaceFactor=\count472
(/Users/shirly/Library/TinyTeX/texmf-dist/tex/latex/hyperref/puenc.def
File: puenc.def 2026-06-17 v7.01r Hyperref: PDF Unicode definition (HO)
)
Package hyperref Info: Option `unicode' set `true' on input line 4070.
Package hyperref Info: Hyper figures OFF on input line 4199.
Package hyperref Info: Link nesting OFF on input line 4204.
Package hyperref Info: Hyper index ON on input line 4207.
Package hyperref Info: Plain pages OFF on input line 4214.
Package hyperref Info: Backreferencing OFF on input line 4219.
Package hyperref Info: Implicit mode ON; LaTeX internals redefined.
Package hyperref Info: Bookmarks ON on input line 4466.
\c@Hy@tempcnt=\count473
LaTeX Info: Redefining \url on input line 4805.
\XeTeXLinkMargin=\dimen262
(/Users/shirly/Library/TinyTeX/texmf-dist/tex/generic/bitset/bitset.sty
Package: bitset 2019/12/09 v1.3 Handle bit-vector datatype (HO)
(/Users/shirly/Library/TinyTeX/texmf-dist/tex/generic/bigintcalc/bigintcalc.sty
Package: bigintcalc 2019/12/15 v1.5 Expandable calculations on big integers (HO)
))
\Fld@menulength=\count474
\Field@Width=\dimen263
\Fld@charsize=\dimen264
Package hyperref Info: Hyper figures OFF on input line 6091.
Package hyperref Info: Link nesting OFF on input line 6096.
Package hyperref Info: Hyper index ON on input line 6099.
Package hyperref Info: backreferencing OFF on input line 6106.
Package hyperref Info: Link coloring OFF on input line 6111.
Package hyperref Info: Link coloring with OCG OFF on input line 6116.
Package hyperref Info: PDF/A mode OFF on input line 6121.
\Hy@abspage=\count475
\c@Item=\count476
\c@Hfootnote=\count477
)
Package hyperref Info: Driver (autodetected): hxetex.
(/Users/shirly/Library/TinyTeX/texmf-dist/tex/latex/hyperref/hxetex.def
File: hxetex.def 2026-06-17 v7.01r Hyperref driver for XeTeX
\pdfm@box=\box66
\c@Hy@AnnotLevel=\count478
\HyField@AnnotCount=\count479
\Fld@listcount=\count480
\c@bookmark@seq@number=\count481
(/Users/shirly/Library/TinyTeX/texmf-dist/tex/latex/rerunfilecheck/rerunfilecheck.sty
Package: rerunfilecheck 2025-06-21 v1.11 Rerun checks for auxiliary files (HO)
(/Users/shirly/Library/TinyTeX/texmf-dist/tex/generic/uniquecounter/uniquecounter.sty
Package: uniquecounter 2019/12/15 v1.4 Provide unlimited unique counter (HO)
)
Package uniquecounter Info: New unique counter `rerunfilecheck' on input line 284.
)
\Hy@SectionHShift=\skip99
) (/Users/shirly/Library/TinyTeX/texmf-dist/tex/latex/bookmark/bkm-xetex.def
File: bkm-xetex.def 2026-05-21 v1.32 bookmark driver for xetex (HO)
\BKM@id=\count482
))
\@quotelevel=\count483
\@quotereset=\count484
(./CASA-Thesis.aux)
\openout1 = `CASA-Thesis.aux'.

LaTeX Font Info:    Checking defaults for OML/cmm/m/it on input line 116.
LaTeX Font Info:    ... okay on input line 116.
LaTeX Font Info:    Checking defaults for OMS/cmsy/m/n on input line 116.
LaTeX Font Info:    ... okay on input line 116.
LaTeX Font Info:    Checking defaults for OT1/cmr/m/n on input line 116.
LaTeX Font Info:    ... okay on input line 116.
LaTeX Font Info:    Checking defaults for T1/cmr/m/n on input line 116.
LaTeX Font Info:    ... okay on input line 116.
LaTeX Font Info:    Checking defaults for TS1/cmr/m/n on input line 116.
LaTeX Font Info:    ... okay on input line 116.
LaTeX Font Info:    Checking defaults for TU/lmr/m/n on input line 116.
LaTeX Font Info:    ... okay on input line 116.
LaTeX Font Info:    Checking defaults for OMX/cmex/m/n on input line 116.
LaTeX Font Info:    ... okay on input line 116.
LaTeX Font Info:    Checking defaults for U/cmr/m/n on input line 116.
LaTeX Font Info:    ... okay on input line 116.
LaTeX Font Info:    Checking defaults for PD1/pdf/m/n on input line 116.
LaTeX Font Info:    ... okay on input line 116.
LaTeX Font Info:    Checking defaults for PU/pdf/m/n on input line 116.
LaTeX Font Info:    ... okay on input line 116.
*geometry* driver: auto-detecting
*geometry* detected driver: xetex
*geometry* verbose mode - [ preamble ] result:
* driver: xetex
* paper: <default>
* layout: <same size as paper>
* layoutoffset:(h,v)=(0.0pt,0.0pt)
* modes: 
* h-part:(L,W,R)=(113.81102pt, 415.12572pt, 85.35826pt)
* v-part:(T,H,B)=(71.13188pt, 652.70622pt, 71.13188pt)
* \paperwidth=614.295pt
* \paperheight=794.96999pt
* \textwidth=415.12572pt
* \textheight=652.70622pt
* \oddsidemargin=41.54103pt
* \evensidemargin=41.54103pt
* \topmargin=-33.0119pt
* \headheight=15.0pt
* \headsep=19.8738pt
* \topskip=12.0pt
* \footskip=30.0pt
* \marginparwidth=47.0pt
* \marginparsep=7.0pt
* \columnsep=10.0pt
* \skip\footins=10.8pt plus 4.0pt minus 2.0pt
* \hoffset=0.0pt
* \voffset=0.0pt
* \mag=1000
* \@twocolumnfalse
* \@twosidefalse
* \@mparswitchfalse
* \@reversemarginfalse
* (1in=72.27pt=25.4mm, 1cm=28.453pt)

LaTeX Font Info:    Overwriting math alphabet `\mathrm' in version `normal'
(Font)                  OT1/lmr/m/n --> TU/lmr/m/n on input line 116.
LaTeX Font Info:    Overwriting math alphabet `\mathit' in version `normal'
(Font)                  OT1/lmr/m/it --> TU/lmr/m/it on input line 116.
LaTeX Font Info:    Overwriting math alphabet `\mathbf' in version `normal'
(Font)                  OT1/lmr/bx/n --> TU/lmr/bx/n on input line 116.
LaTeX Font Info:    Overwriting math alphabet `\mathsf' in version `normal'
(Font)                  OT1/lmss/m/n --> TU/lmss/m/n on input line 116.
LaTeX Font Info:    Overwriting math alphabet `\mathsf' in version `bold'
(Font)                  OT1/lmss/bx/n --> TU/lmss/bx/n on input line 116.
LaTeX Font Info:    Overwriting math alphabet `\mathtt' in version `normal'
(Font)                  OT1/lmtt/m/n --> TU/lmtt/m/n on input line 116.
LaTeX Font Info:    Overwriting math alphabet `\mathtt' in version `bold'
(Font)                  OT1/lmtt/m/n --> TU/lmtt/bx/n on input line 116.

Package fontspec Info: 
(fontspec)             latinmodern-math scale = 0.9999970497384594.


Package fontspec Info: 
(fontspec)             latinmodern-math scale = 0.9999970497384594.


Package fontspec Info: 
(fontspec)             latinmodern-math scale = 0.9999970497384594.


Package fontspec Info: 
(fontspec)             Font family 'latinmodern-math.otf(0)' created for font
(fontspec)             'latinmodern-math.otf' with options
(fontspec)             [Scale=MatchLowercase,BoldItalicFont={},ItalicFont={},SmallCapsFont={},Script=Math,BoldFont={latinmodern-math.otf}].
(fontspec)              
(fontspec)              This font family consists of the following NFSS
(fontspec)             series/shapes:
(fontspec)              
(fontspec)             - 'normal' (m/n) with NFSS spec.:
(fontspec)             <->s*[0.9999970497384594]"[latinmodern-math.otf]/OT:script=math;language=dflt;"
(fontspec)             - 'bold' (b/n) with NFSS spec.:
(fontspec)             <->s*[0.9999970497384594]"[latinmodern-math.otf]/OT:script=math;language=dflt;"

LaTeX Font Info:    Font shape `TU/latinmodern-math.otf(0)/m/n' will be
(Font)              scaled to size 12.0pt on input line 116.

Package fontspec Info: 
(fontspec)             latinmodern-math scale = 0.9999970497384594.


Package fontspec Info: 
(fontspec)             latinmodern-math scale = 0.9999970497384594.


Package fontspec Info: 
(fontspec)             latinmodern-math scale = 0.9999970497384594.


Package fontspec Info: 
(fontspec)             latinmodern-math scale = 0.9999970497384594.


Package fontspec Info: 
(fontspec)             latinmodern-math scale = 0.9999970497384594.


Package fontspec Info: 
(fontspec)             Font family 'latinmodern-math.otf(1)' created for font
(fontspec)             'latinmodern-math.otf' with options
(fontspec)             [Scale=MatchLowercase,BoldItalicFont={},ItalicFont={},SmallCapsFont={},Script=Math,SizeFeatures={{Size=10.2-},{Size=7.2-10.2,Font=latinmodern-math.otf,Style=MathScript},{Size=-7.2,Font=latinmodern-math.otf,Style=MathScriptScript}},BoldFont={latinmodern-math.otf}].
(fontspec)              
(fontspec)              This font family consists of the following NFSS
(fontspec)             series/shapes:
(fontspec)              
(fontspec)             - 'normal' (m/n) with NFSS spec.:
(fontspec)             <10.2->s*[0.9999970497384594]"[latinmodern-math.otf]/OT:script=math;language=dflt;"<7.2-10.2>s*[0.9999970497384594]"[latinmodern-math.otf]/OT:script=math;language=dflt;+ssty=0;"<-7.2>s*[0.9999970497384594]"[latinmodern-math.otf]/OT:script=math;language=dflt;+ssty=1;"
(fontspec)             - 'bold' (b/n) with NFSS spec.:
(fontspec)             <->s*[0.9999970497384594]"[latinmodern-math.otf]/OT:script=math;language=dflt;"

LaTeX Font Info:    Font shape `TU/latinmodern-math.otf(1)/m/n' will be
(Font)              scaled to size 12.0pt on input line 116.
LaTeX Font Info:    Encoding `OT1' has changed to `TU' for symbol font
(Font)              `operators' in the math version `normal' on input line 116.
LaTeX Font Info:    Overwriting symbol font `operators' in version `normal'
(Font)                  OT1/lmr/m/n --> TU/latinmodern-math.otf(1)/m/n on input line 116.
LaTeX Font Info:    Encoding `OT1' has changed to `TU' for symbol font
(Font)              `operators' in the math version `bold' on input line 116.
LaTeX Font Info:    Overwriting symbol font `operators' in version `bold'
(Font)                  OT1/lmr/bx/n --> TU/latinmodern-math.otf(1)/b/n on input line 116.

Package fontspec Info: 
(fontspec)             latinmodern-math scale = 0.9999970497384594.


Package fontspec Info: 
(fontspec)             latinmodern-math scale = 1.000097049443433.


Package fontspec Info: 
(fontspec)             latinmodern-math scale = 0.9999970497384594.


Package fontspec Info: 
(fontspec)             latinmodern-math scale = 1.000097049443433.


Package fontspec Info: 
(fontspec)             latinmodern-math scale = 0.9999970497384594.


Package fontspec Info: 
(fontspec)             latinmodern-math scale = 1.000097049443433.


Package fontspec Info: 
(fontspec)             latinmodern-math scale = 0.9999970497384594.


Package fontspec Info: 
(fontspec)             latinmodern-math scale = 1.000097049443433.


Package fontspec Info: 
(fontspec)             latinmodern-math scale = 0.9999970497384594.


Package fontspec Info: 
(fontspec)             latinmodern-math scale = 1.000097049443433.


Package fontspec Info: 
(fontspec)             Font family 'latinmodern-math.otf(2)' created for font
(fontspec)             'latinmodern-math.otf' with options
(fontspec)             [Scale=MatchLowercase,BoldItalicFont={},ItalicFont={},SmallCapsFont={},Script=Math,SizeFeatures={{Size=10.2-},{Size=7.2-10.2,Font=latinmodern-math.otf,Style=MathScript},{Size=-7.2,Font=latinmodern-math.otf,Style=MathScriptScript}},BoldFont={latinmodern-math.otf},ScaleAgain=1.0001,FontAdjustment={\fontdimen
(fontspec)             8\font =8.124pt\relax \fontdimen 9\font =4.728pt\relax
(fontspec)             \fontdimen 10\font =5.328pt\relax \fontdimen 11\font
(fontspec)             =8.232pt\relax \fontdimen 12\font =4.14pt\relax
(fontspec)             \fontdimen 13\font =4.356pt\relax \fontdimen 14\font
(fontspec)             =4.356pt\relax \fontdimen 15\font =3.468pt\relax
(fontspec)             \fontdimen 16\font =2.964pt\relax \fontdimen 17\font
(fontspec)             =2.964pt\relax \fontdimen 18\font =3.0pt\relax
(fontspec)             \fontdimen 19\font =2.4pt\relax \fontdimen 22\font
(fontspec)             =3.0pt\relax \fontdimen 20\font =0pt\relax \fontdimen
(fontspec)             21\font =0pt\relax }].
(fontspec)              
(fontspec)              This font family consists of the following NFSS
(fontspec)             series/shapes:
(fontspec)              
(fontspec)             - 'normal' (m/n) with NFSS spec.:
(fontspec)             <10.2->s*[1.000097049443433]"[latinmodern-math.otf]/OT:script=math;language=dflt;"<7.2-10.2>s*[1.000097049443433]"[latinmodern-math.otf]/OT:script=math;language=dflt;+ssty=0;"<-7.2>s*[1.000097049443433]"[latinmodern-math.otf]/OT:script=math;language=dflt;+ssty=1;"
(fontspec)             - 'bold' (b/n) with NFSS spec.:
(fontspec)             <->s*[1.000097049443433]"[latinmodern-math.otf]/OT:script=math;language=dflt;"

LaTeX Font Info:    Encoding `OMS' has changed to `TU' for symbol font
(Font)              `symbols' in the math version `normal' on input line 116.
LaTeX Font Info:    Overwriting symbol font `symbols' in version `normal'
(Font)                  OMS/lmsy/m/n --> TU/latinmodern-math.otf(2)/m/n on input line 116.
LaTeX Font Info:    Encoding `OMS' has changed to `TU' for symbol font
(Font)              `symbols' in the math version `bold' on input line 116.
LaTeX Font Info:    Overwriting symbol font `symbols' in version `bold'
(Font)                  OMS/lmsy/b/n --> TU/latinmodern-math.otf(2)/b/n on input line 116.

Package fontspec Info: 
(fontspec)             latinmodern-math scale = 0.9999970497384594.


Package fontspec Info: 
(fontspec)             latinmodern-math scale = 0.9998970500334856.


Package fontspec Info: 
(fontspec)             latinmodern-math scale = 0.9999970497384594.


Package fontspec Info: 
(fontspec)             latinmodern-math scale = 0.9998970500334856.


Package fontspec Info: 
(fontspec)             latinmodern-math scale = 0.9999970497384594.


Package fontspec Info: 
(fontspec)             latinmodern-math scale = 0.9998970500334856.


Package fontspec Info: 
(fontspec)             latinmodern-math scale = 0.9999970497384594.


Package fontspec Info: 
(fontspec)             latinmodern-math scale = 0.9998970500334856.


Package fontspec Info: 
(fontspec)             latinmodern-math scale = 0.9999970497384594.


Package fontspec Info: 
(fontspec)             latinmodern-math scale = 0.9998970500334856.


Package fontspec Info: 
(fontspec)             Font family 'latinmodern-math.otf(3)' created for font
(fontspec)             'latinmodern-math.otf' with options
(fontspec)             [Scale=MatchLowercase,BoldItalicFont={},ItalicFont={},SmallCapsFont={},Script=Math,SizeFeatures={{Size=10.2-},{Size=7.2-10.2,Font=latinmodern-math.otf,Style=MathScript},{Size=-7.2,Font=latinmodern-math.otf,Style=MathScriptScript}},BoldFont={latinmodern-math.otf},ScaleAgain=0.9999,FontAdjustment={\fontdimen
(fontspec)             8\font =0.48pt\relax \fontdimen 9\font =2.4pt\relax
(fontspec)             \fontdimen 10\font =2.004pt\relax \fontdimen 11\font
(fontspec)             =1.332pt\relax \fontdimen 12\font =7.2pt\relax
(fontspec)             \fontdimen 13\font =0pt\relax }].
(fontspec)              
(fontspec)              This font family consists of the following NFSS
(fontspec)             series/shapes:
(fontspec)              
(fontspec)             - 'normal' (m/n) with NFSS spec.:
(fontspec)             <10.2->s*[0.9998970500334856]"[latinmodern-math.otf]/OT:script=math;language=dflt;"<7.2-10.2>s*[0.9998970500334856]"[latinmodern-math.otf]/OT:script=math;language=dflt;+ssty=0;"<-7.2>s*[0.9998970500334856]"[latinmodern-math.otf]/OT:script=math;language=dflt;+ssty=1;"
(fontspec)             - 'bold' (b/n) with NFSS spec.:
(fontspec)             <->s*[0.9998970500334856]"[latinmodern-math.otf]/OT:script=math;language=dflt;"

LaTeX Font Info:    Encoding `OMX' has changed to `TU' for symbol font
(Font)              `largesymbols' in the math version `normal' on input line 116.
LaTeX Font Info:    Overwriting symbol font `largesymbols' in version `normal'
(Font)                  OMX/lmex/m/n --> TU/latinmodern-math.otf(3)/m/n on input line 116.
LaTeX Font Info:    Encoding `OMX' has changed to `TU' for symbol font
(Font)              `largesymbols' in the math version `bold' on input line 116.
LaTeX Font Info:    Overwriting symbol font `largesymbols' in version `bold'
(Font)                  OMX/lmex/m/n --> TU/latinmodern-math.otf(3)/b/n on input line 116.
Package biblatex Info: Trying to load language 'english' -> 'english-apa'...
Package biblatex Info: ... file 'english-apa.lbx' found.
(/Users/shirly/Library/TinyTeX/texmf-dist/tex/latex/biblatex-apa/english-apa.lbx
File: english-apa.lbx 2025/08/27 v9.20 APA biblatex localisation
Package biblatex Info: Trying to load language 'english'...
Package biblatex Info: ... file 'english.lbx' found.
(/Users/shirly/Library/TinyTeX/texmf-dist/tex/latex/biblatex/lbx/english.lbx
File: english.lbx 2025/07/10 v3.21 biblatex localization (PK/MW)
)
Package biblatex Info: Trying to load language 'american' -> 'american-apa'...
Package biblatex Info: ... file 'american-apa.lbx' found.
(/Users/shirly/Library/TinyTeX/texmf-dist/tex/latex/biblatex-apa/american-apa.lbx
File: american-apa.lbx 2025/08/27 v9.20 APA biblatex localisation
Package biblatex Info: Trying to load language 'american'...
Package biblatex Info: ... file 'american.lbx' found.
(/Users/shirly/Library/TinyTeX/texmf-dist/tex/latex/biblatex/lbx/american.lbx
File: american.lbx 2025/07/10 v3.21 biblatex localization (PK/MW)
Package biblatex Info: Trying to load language 'english'...
Package biblatex Info: ... file 'english.lbx' found.
(/Users/shirly/Library/TinyTeX/texmf-dist/tex/latex/biblatex/lbx/english.lbx
File: english.lbx 2025/07/10 v3.21 biblatex localization (PK/MW)
))))
Package biblatex Info: XeTeX detected.
(biblatex)             Assuming input encoding 'utf8'.
Package biblatex Info: Automatic encoding selection.
(biblatex)             Assuming data encoding 'utf8'.
\openout3 = `CASA-Thesis.bcf'.

Package biblatex Info: Trying to load bibliographic data...
Package biblatex Info: ... file 'CASA-Thesis.bbl' found.
(./CASA-Thesis.bbl)
Package biblatex Info: Reference section=0 on input line 116.
Package biblatex Info: Reference segment=0 on input line 116.
(/Users/shirly/Library/TinyTeX/texmf-dist/tex/latex/pdflscape/pdflscape.sty
Package: pdflscape 2025-06-23 v0.14 Display of landscape pages in PDF
(/Users/shirly/Library/TinyTeX/texmf-dist/tex/latex/pdflscape/pdflscape-nometadata.sty
Package: pdflscape-nometadata 2025-06-23 v0.14 Display of landscape pages in PDF (HO)
(/Users/shirly/Library/TinyTeX/texmf-dist/tex/latex/graphics/lscape.sty
Package: lscape 2020/05/28 v3.02 Landscape Pages (DPC)
)
Package pdflscape Info: Auto-detected driver: dvipdfm (xetex) on input line 98.
))
Package caption Info: Begin \AtBeginDocument code.
Package caption Info: hyperref package is loaded.
Package caption Info: End \AtBeginDocument code.
Package hyperref Info: Link coloring OFF on input line 116.
[1


] [1

] [2] [3

] [4

] (./CASA-Thesis.toc
LaTeX Font Info:    Font shape `TU/latinmodern-math.otf(1)/m/n' will be
(Font)              scaled to size 8.4pt on input line 2.
LaTeX Font Info:    Font shape `TU/latinmodern-math.otf(1)/m/n' will be
(Font)              scaled to size 6.0pt on input line 2.
LaTeX Font Info:    Trying to load font information for OML+lmm on input line 2.
(/Users/shirly/Library/TinyTeX/texmf-dist/tex/latex/lm/omllmm.fd
File: omllmm.fd 2015/05/01 v1.6.1 Font defs for Latin Modern
)
LaTeX Font Info:    Font shape `TU/latinmodern-math.otf(2)/m/n' will be
(Font)              scaled to size 12.0011pt on input line 2.
LaTeX Font Info:    Font shape `TU/latinmodern-math.otf(2)/m/n' will be
(Font)              scaled to size 8.40076pt on input line 2.
LaTeX Font Info:    Font shape `TU/latinmodern-math.otf(2)/m/n' will be
(Font)              scaled to size 6.00055pt on input line 2.
LaTeX Font Info:    Font shape `TU/latinmodern-math.otf(3)/m/n' will be
(Font)              scaled to size 11.99872pt on input line 2.
LaTeX Font Info:    Font shape `TU/latinmodern-math.otf(3)/m/n' will be
(Font)              scaled to size 8.3991pt on input line 2.
LaTeX Font Info:    Font shape `TU/latinmodern-math.otf(3)/m/n' will be
(Font)              scaled to size 5.99936pt on input line 2.
LaTeX Font Info:    Trying to load font information for U+msa on input line 2.
(/Users/shirly/Library/TinyTeX/texmf-dist/tex/latex/amsfonts/umsa.fd
File: umsa.fd 2013/01/14 v3.01 AMS symbols A
)
LaTeX Font Info:    Trying to load font information for U+msb on input line 2.
(/Users/shirly/Library/TinyTeX/texmf-dist/tex/latex/amsfonts/umsb.fd
File: umsb.fd 2013/01/14 v3.01 AMS symbols B
) [5

] [6]
Missing character: There is no ↔ (U+2194) in font [lmroman12-regular]:mapping=tex-text;!
[7])
\tf@toc=\write4
\openout4 = `CASA-Thesis.toc'.

[8] (./CASA-Thesis.lof
Underfull \hbox (badness 2932) in paragraph at lines 4--4
 \TU/lmr/m/n/12 sets S1–S4, the Flat and Deep families, and the shared 
 []


Underfull \hbox (badness 5878) in paragraph at lines 7--7
 \TU/lmr/m/n/12 remote-sensing products carried forward after conservative 
 []


Underfull \hbox (badness 1546) in paragraph at lines 9--9
 \TU/lmr/m/n/12 estimation sample, re-estimation blocks and the 257 scored 
 []


Underfull \hbox (badness 2150) in paragraph at lines 10--10
 \TU/lmr/m/n/12 weeks, four-week input window and one-week-ahead target. 
 []

[9

])
\tf@lof=\write5
\openout5 = `CASA-Thesis.lof'.

[10] (./CASA-Thesis.lot)
\tf@lot=\write6
\openout6 = `CASA-Thesis.lot'.

[11

] [12

]
Chapter 1.
[1

] [2]
Underfull \hbox (badness 1590) in paragraph at lines 181--182
[]\TU/lmr/m/n/12 This dissertation therefore addresses two empirical questions. First, do
 []


Underfull \hbox (badness 1377) in paragraph at lines 185--186
\TU/lmr/m/n/12 at the forecast origin and compares models by forecast accuracy. Flat
 []

[3]
Underfull \hbox (badness 1337) in paragraph at lines 189--190
[]\TU/lmr/bx/n/12 RQ1. \TU/lmr/m/n/12 Compared with models using only financial time-series data, do
 []


Overfull \hbox (21.6845pt too wide) in paragraph at lines 191--192
[]\TU/lmr/bx/n/12 RQ2. \TU/lmr/m/n/12 When using the same underlying data, does modality-aware representation-level
 []

[4]
Chapter 2.

Underfull \hbox (badness 4108) in paragraph at lines 199--199
[]\TU/lmr/bx/n/17.28 Crude-oil price drivers and forecasting
 []

[5

]
Overfull \hbox (12.60616pt too wide) in paragraph at lines 205--205
[]\TU/lmr/bx/n/17.28 Machine learning in crude-oil price forecasting 
 []


Underfull \hbox (badness 2213) in paragraph at lines 207--208
\TU/lmr/m/n/12 Machine learning has expanded the range of methods used in oil-price
 []

[6]
Overfull \hbox (7.0151pt too wide) in paragraph at lines 211--212
[]\TU/lmr/m/n/12 Overall, machine learning provides greater flexibility for modelling high-dimensional
 []


Underfull \hbox (badness 1406) in paragraph at lines 211--212
\TU/lmr/m/n/12 econometric or market-based approaches. Reported performance depends
 []

[7]
Underfull \hbox (badness 2452) in paragraph at lines 219--220
\TU/lmr/m/n/12 Arslanalp, Marini and Tumbarello (2019) construct high-frequency trade
 []

[8]
Overfull \hbox (16.16582pt too wide) in paragraph at lines 227--227
[]\TU/lmr/bx/n/17.28 Maritime networks and graph-based modelling 
 []

Missing character: There is no ₂ (U+2082) in font [lmroman12-regular]:mapping=tex-text;!
Missing character: There is no ₂ (U+2082) in font [lmroman12-regular]:mapping=tex-text;!
[9]
Underfull \hbox (badness 1371) in paragraph at lines 241--242
\TU/lmr/m/n/12 Polinov, Bookman and Levin (2022) also identify a relationship between
 []


Underfull \hbox (badness 1888) in paragraph at lines 243--244
[]\TU/lmr/m/n/12 However, remote-sensing variables remain indirect measures of oil-market
 []

[10]
Underfull \hbox (badness 3803) in paragraph at lines 253--254
\TU/lmr/m/n/12 multimodal unit that combines modality-specific representations through
 []

[11]
Underfull \hbox (badness 2662) in paragraph at lines 255--256
\TU/lmr/m/n/12 SatMAE (Cong et al., 2022) learns representations from temporal and
 []

[12]
Underfull \hbox (badness 3895) in paragraph at lines 263--263
[]\TU/lmr/bx/n/17.28 Research gaps and positioning of this
 []

[13]
Underfull \hbox (badness 2865) in paragraph at lines 271--272
\TU/lmr/m/n/12 ways. Economic applications usually convert these data into numeric
 []


Underfull \hbox (badness 5288) in paragraph at lines 275--276
[]\TU/lmr/m/n/12 This dissertation addresses these gaps through a shared rolling-origin
 []


Underfull \hbox (badness 1975) in paragraph at lines 275--276
\TU/lmr/m/n/12 out-of-sample framework for one-week-ahead Brent price forecasting. It
 []


Underfull \hbox (badness 2221) in paragraph at lines 275--276
\TU/lmr/m/n/12 first compares financial time-series data with information sets that add
 []

[14] [15]
Chapter 3.

Underfull \hbox (badness 1348) in paragraph at lines 283--284
\TU/lmr/m/n/12 on these sets to examine whether different types of data provide useful
 []

[16

] [17]
File: ../../05_outputs/figures/fig_3_1_research_design.pdf Graphic file (type pdf)
<use ../../05_outputs/figures/fig_3_1_research_design.pdf>
[18] [19]
Underfull \hbox (badness 1590) in paragraph at lines 364--365
[]\TU/lmr/m/n/12 The eleven sites comprise ports, refineries and export terminals selected
 []

[20]
File: ../../05_outputs/figures/fig_3_2_study_sites_map2.pdf Graphic file (type pdf)
<use ../../05_outputs/figures/fig_3_2_study_sites_map2.pdf>
File: ../../05_outputs/figures/fig_3_6_edge_classes.pdf Graphic file (type pdf)
<use ../../05_outputs/figures/fig_3_6_edge_classes.pdf>
[21]
Overfull \hbox (27.60791pt too wide) in paragraph at lines 428--429
[]|\TU/lmr/m/n/12 Prithvi-EO-2.0; 
 []


Overfull \hbox (7.2079pt too wide) in paragraph at lines 429--430
\TU/lmr/m/n/12 PortWatch; 
 []


Overfull \hbox (7.2079pt too wide) in paragraph at lines 430--431
\TU/lmr/m/n/12 PortWatch; 
 []

[22] [23] [24]
File: ../../05_outputs/figures/fig_3_7_asof_alignment.pdf Graphic file (type pdf)
<use ../../05_outputs/figures/fig_3_7_asof_alignment.pdf>

Underfull \hbox (badness 1077) in paragraph at lines 462--463
\TU/lmr/m/n/12 remote-sensing variables and filled with the training-fold median for each
 []

[25] [26]
Underfull \hbox (badness 1946) in paragraph at lines 480--481
[]\TU/lmr/m/n/12 Fusion is applied only to Deep models for S2–S4, while S1 passes its
 []


Underfull \hbox (badness 1769) in paragraph at lines 480--481
\TU/lmr/m/n/12 forecast-origin-specific modality weights for the subsequent interpretability
 []

File: ../../05_outputs/figures/Old/fig_3_5_deep_architecture.pdf Graphic file (type pdf)
<use ../../05_outputs/figures/Old/fig_3_5_deep_architecture.pdf>
[27] [28]
File: ../../05_outputs/figures/Old/fig_3_2_expanding_window.pdf Graphic file (type pdf)
<use ../../05_outputs/figures/Old/fig_3_2_expanding_window.pdf>
File: ../../05_outputs/figures/Old/fig_3_4_forecast_origin.pdf Graphic file (type pdf)
<use ../../05_outputs/figures/Old/fig_3_4_forecast_origin.pdf>

Underfull \hbox (badness 4036) in paragraph at lines 518--518
\TU/lmr/m/n/12 weeks, four-week input window and one-week-ahead target. Between
 []

[29] [30] [31] [32] [33]
Chapter 4.
File: ../../05_outputs/figures/fig_4_1_price_returns.pdf Graphic file (type pdf)
<use ../../05_outputs/figures/fig_4_1_price_returns.pdf>
[34

]
Overfull \hbox (12.09422pt too wide) in paragraph at lines 594--595
[]\TU/lmr/m/n/12 RMSE  
 []


Overfull \hbox (12.09422pt too wide) in paragraph at lines 608--609
[]\TU/lmr/m/n/12 RMSE  
 []


Overfull \hbox (18.61632pt too wide) in paragraph at lines 616--616
[]|\TU/lmr/m/n/12 Benchmark|  
 []


Overfull \hbox (4.94221pt too wide) in paragraph at lines 616--616
[]|\TU/lmr/m/n/12 4.152|  
 []


Overfull \hbox (18.5648pt too wide) in paragraph at lines 617--617
[]|\TU/lmr/m/n/12 M1-Flat-Ridge|  
 []


Overfull \hbox (4.94221pt too wide) in paragraph at lines 617--617
[]|\TU/lmr/m/n/12 4.256|  
 []


Overfull \hbox (15.03679pt too wide) in paragraph at lines 618--618
[]|\TU/lmr/m/n/12 M1-Flat-XGB|  
 []


Overfull \hbox (4.94221pt too wide) in paragraph at lines 618--618
[]|\TU/lmr/m/n/12 4.368|  
 []


Overfull \hbox (18.5648pt too wide) in paragraph at lines 619--619
[]|\TU/lmr/m/n/12 M2-Flat-Ridge|  
 []


Overfull \hbox (4.94221pt too wide) in paragraph at lines 619--619
[]|\TU/lmr/m/n/12 4.414|  
 []


Overfull \hbox (15.03679pt too wide) in paragraph at lines 620--620
[]|\TU/lmr/m/n/12 M2-Flat-XGB|  
 []


Overfull \hbox (4.94221pt too wide) in paragraph at lines 620--620
[]|\TU/lmr/m/n/12 4.440|  
 []


Overfull \hbox (18.5648pt too wide) in paragraph at lines 621--621
[]|\TU/lmr/m/n/12 M3-Flat-Ridge|  
 []


Overfull \hbox (4.94221pt too wide) in paragraph at lines 621--621
[]|\TU/lmr/m/n/12 4.553|  
 []


Overfull \hbox (15.03679pt too wide) in paragraph at lines 622--622
[]|\TU/lmr/m/n/12 M3-Flat-XGB|  
 []


Overfull \hbox (4.94221pt too wide) in paragraph at lines 622--622
[]|\TU/lmr/m/n/12 4.357|  
 []


Overfull \hbox (18.5648pt too wide) in paragraph at lines 623--623
[]|\TU/lmr/m/n/12 M4-Flat-Ridge|  
 []


Overfull \hbox (4.94221pt too wide) in paragraph at lines 623--623
[]|\TU/lmr/m/n/12 4.539|  
 []


Overfull \hbox (15.03679pt too wide) in paragraph at lines 624--624
[]|\TU/lmr/m/n/12 M4-Flat-XGB|  
 []


Overfull \hbox (4.94221pt too wide) in paragraph at lines 624--624
[]|\TU/lmr/m/n/12 4.412|  
 []

[35]
Overfull \hbox (12.09422pt too wide) in paragraph at lines 652--653
[]\TU/lmr/m/n/12 RMSE  
 []


Overfull \hbox (12.09422pt too wide) in paragraph at lines 666--667
[]\TU/lmr/m/n/12 RMSE  
 []


Overfull \hbox (18.61632pt too wide) in paragraph at lines 674--674
[]|\TU/lmr/m/n/12 Benchmark|  
 []


Overfull \hbox (4.94221pt too wide) in paragraph at lines 674--674
[]|\TU/lmr/m/n/12 4.152|  
 []


Overfull \hbox (4.94221pt too wide) in paragraph at lines 675--675
[]|\TU/lmr/m/n/12 4.250|  
 []


Overfull \hbox (24.9968pt too wide) in paragraph at lines 676--676
[]|\TU/lmr/m/n/12 M2-Deep-Gated|  
 []


Overfull \hbox (4.94221pt too wide) in paragraph at lines 676--676
[]|\TU/lmr/m/n/12 4.253|  
 []


Overfull \hbox (26.5448pt too wide) in paragraph at lines 677--677
[]|\TU/lmr/m/n/12 M2-Deep-XAttn|  
 []


Overfull \hbox (4.94221pt too wide) in paragraph at lines 677--677
[]|\TU/lmr/m/n/12 4.396|  
 []


Overfull \hbox (24.9968pt too wide) in paragraph at lines 678--678
[]|\TU/lmr/m/n/12 M3-Deep-Gated|  
 []


Overfull \hbox (4.94221pt too wide) in paragraph at lines 678--678
[]|\TU/lmr/m/n/12 4.146|  
 []


Overfull \hbox (26.5448pt too wide) in paragraph at lines 679--679
[]|\TU/lmr/m/n/12 M3-Deep-XAttn|  
 []


Overfull \hbox (4.94221pt too wide) in paragraph at lines 679--679
[]|\TU/lmr/m/n/12 4.110|  
 []


Overfull \hbox (24.9968pt too wide) in paragraph at lines 680--680
[]|\TU/lmr/m/n/12 M4-Deep-Gated|  
 []


Overfull \hbox (4.94221pt too wide) in paragraph at lines 680--680
[]|\TU/lmr/m/n/12 4.180|  
 []


Overfull \hbox (26.5448pt too wide) in paragraph at lines 681--681
[]|\TU/lmr/m/n/12 M4-Deep-XAttn|  
 []


Overfull \hbox (4.94221pt too wide) in paragraph at lines 681--681
[]|\TU/lmr/m/n/12 4.144|  
 []

[36]
Overfull \hbox (10.77855pt too wide) in paragraph at lines 737--737
[]|\TU/lmr/m/n/12 M1–Flat–XGB|  
 []


Overfull \hbox (14.30655pt too wide) in paragraph at lines 738--738
[]|\TU/lmr/m/n/12 M2–Flat–Ridge|  
 []


Overfull \hbox (20.73856pt too wide) in paragraph at lines 738--738
[]|\TU/lmr/m/n/12 M2–Deep–Gated|  
 []


Overfull \hbox (10.77855pt too wide) in paragraph at lines 739--739
[]|\TU/lmr/m/n/12 M2–Flat–XGB|  
 []


Overfull \hbox (20.73856pt too wide) in paragraph at lines 739--739
[]|\TU/lmr/m/n/12 M2–Deep–Gated|  
 []


Overfull \hbox (14.30655pt too wide) in paragraph at lines 740--740
[]|\TU/lmr/m/n/12 M3–Flat–Ridge|  
 []


Overfull \hbox (20.73856pt too wide) in paragraph at lines 740--740
[]|\TU/lmr/m/n/12 M3–Deep–Gated|  
 []


Overfull \hbox (10.77855pt too wide) in paragraph at lines 741--741
[]|\TU/lmr/m/n/12 M3–Flat–XGB|  
 []


Overfull \hbox (20.73856pt too wide) in paragraph at lines 741--741
[]|\TU/lmr/m/n/12 M3–Deep–Gated|  
 []


Overfull \hbox (14.30655pt too wide) in paragraph at lines 742--742
[]|\TU/lmr/m/n/12 M4–Flat–Ridge|  
 []


Overfull \hbox (20.73856pt too wide) in paragraph at lines 742--742
[]|\TU/lmr/m/n/12 M4–Deep–Gated|  
 []


Overfull \hbox (10.77855pt too wide) in paragraph at lines 743--743
[]|\TU/lmr/m/n/12 M4–Flat–XGB|  
 []


Overfull \hbox (20.73856pt too wide) in paragraph at lines 743--743
[]|\TU/lmr/m/n/12 M4–Deep–Gated|  
 []

File: ../../05_outputs/figures/fig_4_2_flat_vs_deep_slope.pdf Graphic file (type pdf)
<use ../../05_outputs/figures/fig_4_2_flat_vs_deep_slope.pdf>
[37] [38]
Overfull \hbox (16.12062pt too wide) in paragraph at lines 781--782
[]\TU/lmr/m/n/12 RMSE  
 []


Overfull \hbox (16.12062pt too wide) in paragraph at lines 801--802
[]\TU/lmr/m/n/12 RMSE  
 []


Overfull \hbox (6.9437pt too wide) in paragraph at lines 817--817
[]|\TU/lmr/m/n/12 257|  
 []


Overfull \hbox (8.96861pt too wide) in paragraph at lines 817--817
[]|\TU/lmr/m/n/12 4.146|  
 []


Overfull \hbox (1.06369pt too wide) in paragraph at lines 818--818
[]|\TU/lmr/m/n/12 50|  
 []


Overfull \hbox (8.96861pt too wide) in paragraph at lines 818--818
[]|\TU/lmr/m/n/12 3.014|  
 []


Overfull \hbox (1.06369pt too wide) in paragraph at lines 819--819
[]|\TU/lmr/m/n/12 52|  
 []


Overfull \hbox (8.96861pt too wide) in paragraph at lines 819--819
[]|\TU/lmr/m/n/12 6.613|  
 []


Overfull \hbox (1.06369pt too wide) in paragraph at lines 820--820
[]|\TU/lmr/m/n/12 52|  
 []


Overfull \hbox (8.96861pt too wide) in paragraph at lines 820--820
[]|\TU/lmr/m/n/12 3.790|  
 []


Overfull \hbox (1.06369pt too wide) in paragraph at lines 821--821
[]|\TU/lmr/m/n/12 52|  
 []


Overfull \hbox (8.96861pt too wide) in paragraph at lines 821--821
[]|\TU/lmr/m/n/12 3.083|  
 []


Overfull \hbox (1.06369pt too wide) in paragraph at lines 822--822
[]|\TU/lmr/m/n/12 51|  
 []


Overfull \hbox (8.96861pt too wide) in paragraph at lines 822--822
[]|\TU/lmr/m/n/12 2.960|  
 []


Overfull \hbox (29.78645pt too wide) in paragraph at lines 823--823
[]|\TU/lmr/m/n/12 Russia–Ukraine|  
 []


Overfull \hbox (1.06369pt too wide) in paragraph at lines 823--823
[]|\TU/lmr/m/n/12 16|  
 []


Overfull \hbox (8.96861pt too wide) in paragraph at lines 823--823
[]|\TU/lmr/m/n/12 8.822|  
 []


Overfull \hbox (1.06369pt too wide) in paragraph at lines 824--824
[]|\TU/lmr/m/n/12 16|  
 []


Overfull \hbox (8.96861pt too wide) in paragraph at lines 824--824
[]|\TU/lmr/m/n/12 5.059|  
 []


Overfull \hbox (1.06369pt too wide) in paragraph at lines 825--825
[]|\TU/lmr/m/n/12 16|  
 []


Overfull \hbox (8.96861pt too wide) in paragraph at lines 825--825
[]|\TU/lmr/m/n/12 4.358|  
 []


Overfull \hbox (1.06369pt too wide) in paragraph at lines 826--826
[]|\TU/lmr/m/n/12 16|  
 []


Overfull \hbox (8.96861pt too wide) in paragraph at lines 826--826
[]|\TU/lmr/m/n/12 3.265|  
 []

File: ../../05_outputs/figures/fig_4_3_shap_modality.pdf Graphic file (type pdf)
<use ../../05_outputs/figures/fig_4_3_shap_modality.pdf>
[39]
Underfull \hbox (badness 2626) in paragraph at lines 844--845
[]\TU/lmr/m/n/12 At the input-group level, EIA variables provide the largest full-sample
 []

[40]
File: ../../05_outputs/figures/fig_4_4_node_shap_map.pdf Graphic file (type pdf)
<use ../../05_outputs/figures/fig_4_4_node_shap_map.pdf>
File: ../../05_outputs/figures/fig_4_5_node_shap_heatmap.pdf Graphic file (type pdf)
<use ../../05_outputs/figures/fig_4_5_node_shap_heatmap.pdf>
[41]
Overfull \hbox (0.57309pt too wide) in paragraph at lines 881--882
[]\TU/lmr/m/n/12 Set  
 []


Overfull \hbox (0.57309pt too wide) in paragraph at lines 895--896
[]\TU/lmr/m/n/12 Set  
 []


Overfull \hbox (8.40399pt too wide) in paragraph at lines 910--910
[]|\TU/lmr/m/n/12 M2-Deep-Gated|  
 []


Overfull \hbox (13.55199pt too wide) in paragraph at lines 911--911
[]|\TU/lmr/m/n/12 M2-Deep-Concat|  
 []


Overfull \hbox (9.952pt too wide) in paragraph at lines 912--912
[]|\TU/lmr/m/n/12 M2-Deep-XAttn|  
 []


Overfull \hbox (8.40399pt too wide) in paragraph at lines 913--913
[]|\TU/lmr/m/n/12 M3-Deep-Gated|  
 []


Overfull \hbox (13.55199pt too wide) in paragraph at lines 914--914
[]|\TU/lmr/m/n/12 M3-Deep-Concat|  
 []


Overfull \hbox (9.952pt too wide) in paragraph at lines 915--915
[]|\TU/lmr/m/n/12 M3-Deep-XAttn|  
 []


Overfull \hbox (8.40399pt too wide) in paragraph at lines 916--916
[]|\TU/lmr/m/n/12 M4-Deep-Gated|  
 []


Overfull \hbox (13.55199pt too wide) in paragraph at lines 917--917
[]|\TU/lmr/m/n/12 M4-Deep-Concat|  
 []


Overfull \hbox (9.952pt too wide) in paragraph at lines 918--918
[]|\TU/lmr/m/n/12 M4-Deep-XAttn|  
 []

[42]
File: ../../05_outputs/figures/fig_4_6_seed_robustness.pdf Graphic file (type pdf)
<use ../../05_outputs/figures/fig_4_6_seed_robustness.pdf>
[43] [44]
Chapter 5.

Underfull \hbox (badness 1596) in paragraph at lines 940--941
\TU/lmr/m/n/12 consistent with the short-horizon oil-forecasting literature that treats the
 []

[45

]
Underfull \hbox (badness 1337) in paragraph at lines 948--948
[]\TU/lmr/bx/n/17.28 RQ2 — Does representation-level fusion
 []

[46]
Underfull \hbox (badness 1917) in paragraph at lines 952--953
[]\TU/lmr/m/n/12 Early-fusion approaches combine heterogeneous predictors within a single
 []


Underfull \hbox (badness 1360) in paragraph at lines 960--961
\TU/lmr/m/n/12 is consistent with the nature of the two disruptions. Transport-specific
 []

[47] [48] [49]
Underfull \hbox (badness 1082) in paragraph at lines 976--977
\TU/lmr/m/n/12 real-time vintages and therefore does not fully reproduce the information
 []


Underfull \hbox (badness 1048) in paragraph at lines 980--981
[]\TU/lmr/m/n/12 The comparison between the Flat and Deep families evaluates differences
 []

[50] [51] [52]
Chapter 6.

Underfull \hbox (badness 1253) in paragraph at lines 992--993
\TU/lmr/m/n/12 Short-horizon oil-price surprises affect hedging, budgeting and market-risk
 []

[53

] [54]
Underfull \hbox (badness 10000) in paragraph at lines 1006--1012
[]\TU/lmr/m/n/12 Merged weekly matrix \TU/lmtt/m/n/12 weekly_-feature_-matrix.csv \TU/lmr/m/n/12 = 365
 []


Underfull \hbox (badness 1577) in paragraph at lines 1006--1012
\TU/lmr/m/n/12 weeks × 263 columns (2019-01-04 → 2025-12-26): 31 M1 +
 []


Underfull \hbox (badness 2245) in paragraph at lines 1006--1012
\TU/lmr/m/n/12 55 M2 + 164 M3 + 11 masks + 2 targets. Per-variable
 []


Underfull \hbox (badness 10000) in paragraph at lines 1006--1012
\TU/lmr/m/n/12 (\TU/lmtt/m/n/12 03_-data/processed/M{1,2,3}/*_-data_-dictionary.md\TU/lmr/m/n/12 ); this
 []

Missing character: There is no ₜ (U+209C) in font [lmroman12-regular]:mapping=tex-text;!
Missing character: There is no ₜ (U+209C) in font [lmroman12-regular]:mapping=tex-text;!
Missing character: There is no ₋ (U+208B) in font [lmroman12-regular]:mapping=tex-text;!
Missing character: There is no ₁ (U+2081) in font [lmroman12-regular]:mapping=tex-text;!
[55

] [56]
Overfull \hbox (36.49867pt too wide) in paragraph at lines 1121--1121
[]|\TU/lmtt/m/n/12 nonoil_-industrial_-commodity|  
 []


Overfull \hbox (11.77866pt too wide) in paragraph at lines 1122--1122
[]|\TU/lmtt/m/n/12 brent_-f1_-spot_-log_-basis|  
 []

[57]
Underfull \hbox (badness 4229) in paragraph at lines 1133--1135
\TU/lmr/m/n/12 Naming \TU/lmtt/m/n/12 {index}_-anom_-{AOI}\TU/lmr/m/n/12 ; \TU/lmtt/m/n/12 anom \TU/lmr/m/n/12 = within-site deseasonalised z-score
 []


Overfull \hbox (4.45859pt too wide) in paragraph at lines 1156--1156
[]|\TU/lmr/m/n/12 (B8−B4)/(B8+B4)|  
 []


Overfull \hbox (4.45859pt too wide) in paragraph at lines 1157--1157
[]|\TU/lmr/m/n/12 (B3−B8)/(B3+B8)|  
 []


Overfull \hbox (16.21858pt too wide) in paragraph at lines 1158--1158
[]|\TU/lmr/m/n/12 (B11−B8)/(B11+B8)|  
 []


Overfull \hbox (146.15459pt too wide) in paragraph at lines 1159--1159
[]|\TU/lmr/m/n/12 ((B11+B4)−(B8+B2))/((B11+B4)+(B8+B2))|  
 []

[58]
Underfull \hbox (badness 1776) in paragraph at lines 1165--1167
[]\TU/lmr/m/n/12 Literature arm (C1) = \TU/lmtt/m/n/12 NTL_-anom \TU/lmr/m/n/12 of Fujairah / RasTanura /
 []


Underfull \hbox (badness 1968) in paragraph at lines 1171--1177
\TU/lmr/m/n/12 Naming \TU/lmtt/m/n/12 gfw_-{cp}_-{stat} \TU/lmr/m/n/12 and \TU/lmtt/m/n/12 pw_-{cp}_-{stat} \TU/lmr/m/n/12 over 6 chokepoints, plus
 []

[59] [60]
Missing character: There is no ≤ (U+2264) in font [lmroman12-regular]:mapping=tex-text;!
[61]
Underfull \hbox (badness 1424) in paragraph at lines 1275--1280
[]\TU/lmr/m/n/12 The Chokepoint column defines the fixed corridor edges of the shipping
 []


Overfull \hbox (50.86092pt too wide) in paragraph at lines 1299--1300
[]\TU/lmr/m/n/12 Country/region  
 []


Overfull \hbox (9.22092pt too wide) in paragraph at lines 1301--1302
[]\TU/lmr/m/n/12 Facility 
 []


Overfull \hbox (25.54092pt too wide) in paragraph at lines 1303--1304
[]\TU/lmr/m/n/12 Functional 
 []


Overfull \hbox (5.5173pt too wide) in paragraph at lines 1305--1306
 []\TU/lmr/m/n/12 Latitude
 []


Overfull \hbox (13.3533pt too wide) in paragraph at lines 1307--1308
 []\TU/lmr/m/n/12 Longitude
 []


Overfull \hbox (0.89291pt too wide) in paragraph at lines 1309--1310
\TU/lmr/m/n/12 buffer  
 []


Overfull \hbox (29.95692pt too wide) in paragraph at lines 1313--1314
[]\TU/lmr/m/n/12 Chokepoint  
 []


Overfull \hbox (0.11235pt too wide) in alignment at lines 1292--1316
 [] [] [] [] [] [] [] [] [] [] 
 []


Overfull \hbox (0.11235pt too wide) in alignment at lines 1316--1318
 [] [] [] [] [] [] [] [] [] [] 
 []


Overfull \hbox (26.86092pt too wide) in paragraph at lines 1319--1319
[]|\TU/lmr/m/n/12 Rotterdam|  
 []


Overfull \hbox (32.94492pt too wide) in paragraph at lines 1319--1319
[]|\TU/lmr/m/n/12 Netherlands 
 []


Overfull \hbox (8.23692pt too wide) in paragraph at lines 1319--1319
\TU/lmr/m/n/12 Europe|  
 []


Overfull \hbox (6.44891pt too wide) in paragraph at lines 1319--1319
[]|\TU/lmr/m/n/12 pricing 
 []


Overfull \hbox (6.12492pt too wide) in paragraph at lines 1319--1319
\TU/lmr/m/n/12 import|  
 []


Overfull \hbox (14.11691pt too wide) in paragraph at lines 1320--1320
[]|\TU/lmr/m/n/12 Fujairah|  
 []


Overfull \hbox (6.76093pt too wide) in paragraph at lines 1320--1320
\TU/lmr/m/n/12 Middle 
 []


Overfull \hbox (14.28491pt too wide) in paragraph at lines 1320--1320
[]|\TU/lmr/m/n/12 terminal|  
 []


Overfull \hbox (5.21292pt too wide) in paragraph at lines 1320--1320
[]|\TU/lmr/m/n/12 transit 
 []


Overfull \hbox (7.82892pt too wide) in paragraph at lines 1320--1320
\TU/lmr/m/n/12 storage|  
 []


Overfull \hbox (11.66891pt too wide) in paragraph at lines 1320--1321
[]|\TU/lmr/m/n/12 Hormuz|  
 []


Overfull \hbox (7.75691pt too wide) in paragraph at lines 1321--1321
\TU/lmr/m/n/12 Tanura|  
 []


Overfull \hbox (6.12492pt too wide) in paragraph at lines 1321--1321
\TU/lmr/m/n/12 Arabia 
 []


Overfull \hbox (6.76093pt too wide) in paragraph at lines 1321--1321
\TU/lmr/m/n/12 Middle 
 []


Overfull \hbox (14.28491pt too wide) in paragraph at lines 1321--1321
[]|\TU/lmr/m/n/12 terminal|  
 []


Overfull \hbox (4.49292pt too wide) in paragraph at lines 1321--1321
[]|\TU/lmr/m/n/12 export|  
 []


Overfull \hbox (11.66891pt too wide) in paragraph at lines 1321--1322
[]|\TU/lmr/m/n/12 Hormuz|  
 []


Overfull \hbox (6.61691pt too wide) in paragraph at lines 1322--1322
[]|\TU/lmr/m/n/12 Jurong 
 []


Overfull \hbox (2.26093pt too wide) in paragraph at lines 1322--1322
\TU/lmr/m/n/12 Island|  
 []


Overfull \hbox (21.79692pt too wide) in paragraph at lines 1322--1322
[]|\TU/lmr/m/n/12 Singapore 
 []


Overfull \hbox (10.03693pt too wide) in paragraph at lines 1322--1322
[]|\TU/lmr/m/n/12 refinery|  
 []


Overfull \hbox (5.21292pt too wide) in paragraph at lines 1322--1322
[]|\TU/lmr/m/n/12 transit 
 []


Overfull \hbox (9.71292pt too wide) in paragraph at lines 1322--1322
\TU/lmr/m/n/12 refining|  
 []


Overfull \hbox (13.30092pt too wide) in paragraph at lines 1322--1323
[]|\TU/lmr/m/n/12 Malacca|  
 []


Overfull \hbox (14.02092pt too wide) in paragraph at lines 1323--1323
[]|\TU/lmr/m/n/12 Houston|  
 []


Overfull \hbox (1.55292pt too wide) in paragraph at lines 1323--1323
\TU/lmr/m/n/12 North 
 []


Overfull \hbox (13.94891pt too wide) in paragraph at lines 1323--1323
\TU/lmr/m/n/12 America|  
 []


Overfull \hbox (6.12492pt too wide) in paragraph at lines 1323--1323
[]|\TU/lmr/m/n/12 import 
 []


Overfull \hbox (9.71292pt too wide) in paragraph at lines 1323--1323
\TU/lmr/m/n/12 refining|  
 []


Overfull \hbox (3.4173pt too wide) in paragraph at lines 1323--1323
 []|\TU/lmr/m/n/12 −95.100|
 []


Overfull \hbox (12.82092pt too wide) in paragraph at lines 1323--1324
[]|\TU/lmr/m/n/12 Panama|  
 []


Overfull \hbox (61.99692pt too wide) in paragraph at lines 1324--1324
[]|\TU/lmr/m/n/12 Ningbo-Zhoushan|  
 []


Overfull \hbox (1.87692pt too wide) in paragraph at lines 1324--1324
[]|\TU/lmr/m/n/12 China 
 []


Overfull \hbox (6.12492pt too wide) in paragraph at lines 1324--1324
[]|\TU/lmr/m/n/12 import|  
 []


Overfull \hbox (13.30092pt too wide) in paragraph at lines 1324--1325
[]|\TU/lmr/m/n/12 Malacca|  
 []


Overfull \hbox (21.64091pt too wide) in paragraph at lines 1325--1325
[]|\TU/lmr/m/n/12 Jamnagar|  
 []


Overfull \hbox (1.22891pt too wide) in paragraph at lines 1325--1325
\TU/lmr/m/n/12 South 
 []


Overfull \hbox (10.03693pt too wide) in paragraph at lines 1325--1325
[]|\TU/lmr/m/n/12 refinery|  
 []


Overfull \hbox (9.71292pt too wide) in paragraph at lines 1325--1325
[]|\TU/lmr/m/n/12 refining|  
 []


Overfull \hbox (11.66891pt too wide) in paragraph at lines 1325--1326
[]|\TU/lmr/m/n/12 Hormuz|  
 []


Overfull \hbox (7.00092pt too wide) in paragraph at lines 1326--1326
\TU/lmr/m/n/12 Basrah 
 []


Overfull \hbox (17.21292pt too wide) in paragraph at lines 1326--1326
\TU/lmr/m/n/12 Terminal|  
 []


Overfull \hbox (6.76093pt too wide) in paragraph at lines 1326--1326
\TU/lmr/m/n/12 Middle 
 []


Overfull \hbox (14.28491pt too wide) in paragraph at lines 1326--1326
[]|\TU/lmr/m/n/12 terminal|  
 []


Overfull \hbox (4.49292pt too wide) in paragraph at lines 1326--1326
[]|\TU/lmr/m/n/12 export|  
 []


Overfull \hbox (11.66891pt too wide) in paragraph at lines 1326--1327
[]|\TU/lmr/m/n/12 Hormuz|  
 []


Overfull \hbox (1.22891pt too wide) in paragraph at lines 1327--1327
[]|\TU/lmr/m/n/12 South 
 []


Overfull \hbox (1.55292pt too wide) in paragraph at lines 1327--1327
\TU/lmr/m/n/12 Korea 
 []


Overfull \hbox (10.03693pt too wide) in paragraph at lines 1327--1327
[]|\TU/lmr/m/n/12 refinery|  
 []


Overfull \hbox (9.71292pt too wide) in paragraph at lines 1327--1327
[]|\TU/lmr/m/n/12 refining|  
 []


Overfull \hbox (13.30092pt too wide) in paragraph at lines 1327--1328
[]|\TU/lmr/m/n/12 Malacca|  
 []


Overfull \hbox (3.18492pt too wide) in paragraph at lines 1328--1328
[]|\TU/lmr/m/n/12 Kharg 
 []


Overfull \hbox (2.26093pt too wide) in paragraph at lines 1328--1328
\TU/lmr/m/n/12 Island|  
 []


Overfull \hbox (6.76093pt too wide) in paragraph at lines 1328--1328
\TU/lmr/m/n/12 Middle 
 []


Overfull \hbox (14.28491pt too wide) in paragraph at lines 1328--1328
[]|\TU/lmr/m/n/12 terminal|  
 []


Overfull \hbox (4.49292pt too wide) in paragraph at lines 1328--1328
[]|\TU/lmr/m/n/12 export|  
 []


Overfull \hbox (11.66891pt too wide) in paragraph at lines 1328--1329
[]|\TU/lmr/m/n/12 Hormuz|  
 []


Overfull \hbox (4.15692pt too wide) in paragraph at lines 1329--1329
[]|\TU/lmr/m/n/12 Yanbu|  
 []


Overfull \hbox (6.12492pt too wide) in paragraph at lines 1329--1329
\TU/lmr/m/n/12 Arabia 
 []


Overfull \hbox (6.76093pt too wide) in paragraph at lines 1329--1329
\TU/lmr/m/n/12 Middle 
 []


Overfull \hbox (14.28491pt too wide) in paragraph at lines 1329--1329
[]|\TU/lmr/m/n/12 terminal|  
 []


Overfull \hbox (4.49292pt too wide) in paragraph at lines 1329--1329
[]|\TU/lmr/m/n/12 export|  
 []


Overfull \hbox (12.64091pt too wide) in paragraph at lines 1329--1330
\TU/lmr/m/n/12 Mandeb|  
 []


Overfull \hbox (0.11235pt too wide) in alignment at lines 1318--1330
 [] [] [] [] [] [] [] [] [] [] 
 []

[62] [63] [64]
Underfull \hbox (badness 2343) in paragraph at lines 1360--1363
\TU/lmr/m/n/12 Every predictor enters the weekly (Friday-ending) matrix only after its
 []


Overfull \hbox (227.79057pt too wide) in paragraph at lines 1386--1386
\TU/lmr/m/n/12 (Brent/WTI/VIX/DXY/DGS10/DFF/S&P/gold/OVX/CAD)|  
 []


Overfull \hbox (28.81856pt too wide) in paragraph at lines 1386--1387
[]|\TU/lmtt/m/n/12 daily_-to_-weekly_-last 
 []


Overfull \hbox (16.45856pt too wide) in paragraph at lines 1386--1387
\TU/lmtt/m/n/12 build_-m1_-weekly.py|  
 []


Overfull \hbox (16.45856pt too wide) in paragraph at lines 1387--1388
\TU/lmtt/m/n/12 build_-m1_-weekly.py|  
 []


Overfull \hbox (16.45856pt too wide) in paragraph at lines 1388--1389
\TU/lmtt/m/n/12 build_-m1_-weekly.py|  
 []


Overfull \hbox (22.63857pt too wide) in paragraph at lines 1389--1390
[]|\TU/lmtt/m/n/12 MONTHLY_-LAG_-WEEKS=5 
 []


Overfull \hbox (16.45856pt too wide) in paragraph at lines 1389--1390
\TU/lmtt/m/n/12 build_-m1_-weekly.py|  
 []


Overfull \hbox (16.45856pt too wide) in paragraph at lines 1390--1391
\TU/lmtt/m/n/12 build_-m2_-weekly.py|  
 []


Overfull \hbox (96.79855pt too wide) in paragraph at lines 1391--1392
\TU/lmtt/m/n/12 aggregate_-shipping_-to_-weekly.py|  
 []


Overfull \hbox (96.79855pt too wide) in paragraph at lines 1392--1393
\TU/lmtt/m/n/12 aggregate_-shipping_-to_-weekly.py|  
 []


Overfull \hbox (53.53854pt too wide) in paragraph at lines 1393--1394
\TU/lmtt/m/n/12 build_-m3_-graph_-weekly.py 
 []


Overfull \hbox (47.35855pt too wide) in paragraph at lines 1393--1394
\TU/lmtt/m/n/12 build_-feature_-matrix.py|  
 []

[65]
Overfull \hbox (53.53854pt too wide) in paragraph at lines 1427--1428
\TU/lmtt/m/n/12 build_-m3_-graph_-weekly.py|  
 []


Overfull \hbox (34.99857pt too wide) in paragraph at lines 1428--1429
[]|\TU/lmtt/m/n/12 GFW_-EVENT_-LAG_-WEEKS=2 
 []


Overfull \hbox (53.53854pt too wide) in paragraph at lines 1428--1429
\TU/lmtt/m/n/12 build_-m3_-graph_-weekly.py|  
 []


Overfull \hbox (53.53854pt too wide) in paragraph at lines 1429--1430
\TU/lmtt/m/n/12 build_-m3_-graph_-weekly.py|  
 []


Overfull \hbox (22.63857pt too wide) in paragraph at lines 1430--1431
\TU/lmtt/m/n/12 build_-m3_-graph17.py|  
 []


Overfull \hbox (22.63857pt too wide) in paragraph at lines 1431--1432
[]|\TU/lmtt/m/n/12 EMODNET_-LAG_-WEEKS=8 
 []


Overfull \hbox (47.35855pt too wide) in paragraph at lines 1431--1432
\TU/lmtt/m/n/12 build_-emodnet_-weekly.py|  
 []

[66]
Missing character: There is no ∈ (U+2208) in font [lmroman12-regular]:mapping=tex-text;!
[67]
Underfull \hbox (badness 1917) in paragraph at lines 1454--1458
\TU/lmr/m/n/12 The Deep shipping branch encodes a \TU/lmr/bx/n/12 weekly 17-node heterogeneous
 []

Missing character: There is no ≠ (U+2260) in font [lmmono12-regular]:!
Missing character: There is no ↔ (U+2194) in font [lmroman12-regular]:mapping=tex-text;!
Missing character: There is no ↔ (U+2194) in font [lmroman12-regular]:mapping=tex-text;!
Missing character: There is no ↔ (U+2194) in font [lmroman12-regular]:mapping=tex-text;!
Missing character: There is no ≠ (U+2260) in font [lmmono12-regular]:!

Underfull \hbox (badness 1852) in paragraph at lines 1461--1466
\TU/lmr/m/n/12 for that week’s directed lane (\TU/lmtt/m/n/12 from ≠ to\TU/lmr/m/n/12 ; self-loops removed to a node
 []

Missing character: There is no ↔ (U+2194) in font [lmroman12-bold]:mapping=tex-text;!

Underfull \hbox (badness 1412) in paragraph at lines 1469--1476
\TU/lmr/m/n/12 from each site’s main documented oil-trade corridor rather than inferred
 []

[68]
Missing character: There is no ↔ (U+2194) in font [lmroman12-regular]:mapping=tex-text;!

Underfull \hbox (badness 2351) in paragraph at lines 1502--1506
[]\TU/lmr/bx/n/12 Symmetrise + self-loop\TU/lmr/m/n/12 : for message passing the adjacency is
 []

LaTeX Font Info:    Font shape `TU/lmtt/bx/n' in size <12> not available
(Font)              Font shape `TU/lmtt/b/n' tried instead on input line 1508.
[69]
Underfull \hbox (badness 1383) in paragraph at lines 1533--1541
[]\TU/lmr/m/n/12 Over 2019–2025, monthly Sentinel-2 composites (the \TU/lmtt/m/n/12 level \TU/lmr/m/n/12 series, before
 []


Overfull \hbox (2.62924pt too wide) in paragraph at lines 1553--1554
 []\TU/lmr/m/n/12 Weekly-calendar
 []


Overfull \hbox (29.60332pt too wide) in paragraph at lines 1570--1570
[]|\TU/lmr/m/n/12 Ningbo-Zhoushan|  
 []

[70] [71]
Overfull \hbox (3.37442pt too wide) in alignment at lines 1621--1625
 [] [] [] [] [] [] [] 
 []


Overfull \hbox (3.37442pt too wide) in alignment at lines 1625--1627
 [] [] [] [] [] [] [] 
 []


Overfull \hbox (3.37442pt too wide) in alignment at lines 1627--1638
 [] [] [] [] [] [] [] 
 []

[72

] [73]
Overfull \hbox (8.37175pt too wide) in paragraph at lines 1706--1707
 []\TU/lmr/m/n/12 Improvement
 []


Overfull \hbox (8.37175pt too wide) in paragraph at lines 1710--1711
 []\TU/lmr/m/n/12 Improvement
 []

[74] [75]
Missing character: There is no α (U+03B1) in font [lmroman12-regular]:mapping=tex-text;!
[76

] [77]

LaTeX Warning: Empty bibliography on input line 1853.

[78] (./CASA-Thesis.aux)
 ***********
LaTeX2e <2026-06-01>
L3 programming layer <2026-07-20>
 ***********
Package logreq Info: Writing requests to 'CASA-Thesis.run.xml'.
\openout1 = `CASA-Thesis.run.xml'.

 ) 
Here is how much of TeX's memory you used:
 27833 strings out of 469828
 531582 string characters out of 5468359
 1647749 words of memory out of 5000000
 56457 multiletter control sequences out of 15000+600000
 631278 words of font info for 76 fonts, out of 8000000 for 9000
 14 hyphenation exceptions out of 8191
 90i,12n,114p,1426b,5050s stack positions out of 10000i,1000n,20000p,200000b,200000s

Output written on CASA-Thesis.pdf (91 pages).
