  fit @ 2021-01-22
  fit @ 2021-04-23
  fit @ 2021-07-23
  fit @ 2021-10-22
  fit @ 2022-01-21
  fit @ 2022-04-22
  fit @ 2022-07-22
  fit @ 2022-10-21
  fit @ 2023-01-20
  fit @ 2023-04-21
  fit @ 2023-07-21
  fit @ 2023-10-20
  fit @ 2024-01-19
  fit @ 2024-04-19
  fit @ 2024-07-19
  fit @ 2024-10-18
  fit @ 2025-01-17
  fit @ 2025-04-18
  fit @ 2025-07-18
  fit @ 2025-10-17

Mean modality gate: {'gate_finance': 0.44, 'gate_rs': 0.348, 'gate_shipping': 0.212}
Top ship nodes: [('P003', np.float64(0.085)), ('P009', np.float64(0.083)), ('P001', np.float64(0.079)), ('hormuz', np.float64(0.078)), ('P005', np.float64(0.072))]
Top rs AOIs: [('P004', np.float64(0.127)), ('P008', np.float64(0.108)), ('P009', np.float64(0.098)), ('P001', np.float64(0.09)), ('P006', np.float64(0.09))]
Saved: /Users/shirly/CASA/casa0004 Dissertation/05_outputs/baselines/deep/deep_gate_weekly.csv
       /Users/shirly/CASA/casa0004 Dissertation/05_outputs/baselines/deep/deep_interpret.png
