
=== M3_Deep_gated seed=42 lb=4 epochs=80 ===
  fit @ 2021-01-22
  fit @ 2021-04-23
  fit @ 2021-07-23
  fit @ 2021-10-22
  fit @ 2022-01-21
  fit @ 2022-04-22
  fit @ 2022-07-22
  fit @ 2022-10-21
  fit @ 2023-01-20
  fit @ 2023-04-21
  fit @ 2023-07-21
  fit @ 2023-10-20
  fit @ 2024-01-19
  fit @ 2024-04-19
  fit @ 2024-07-19
  fit @ 2024-10-18
  fit @ 2025-01-17
  fit @ 2025-04-18
  fit @ 2025-07-18
  fit @ 2025-10-17

[seed=42] Mean gates: {'gate_finance': 0.558, 'gate_shipping': 0.442}
[seed=42] Top ship nodes: ['hormuz', 'suez', 'panama', 'mandeb', 'cape']

=== M3_Deep_gated seed=1 lb=4 epochs=80 ===
  fit @ 2021-01-22
  fit @ 2021-04-23
  fit @ 2021-07-23
  fit @ 2021-10-22
  fit @ 2022-01-21
  fit @ 2022-04-22
  fit @ 2022-07-22
  fit @ 2022-10-21
  fit @ 2023-01-20
  fit @ 2023-04-21
  fit @ 2023-07-21
  fit @ 2023-10-20
  fit @ 2024-01-19
  fit @ 2024-04-19
  fit @ 2024-07-19
  fit @ 2024-10-18
  fit @ 2025-01-17
  fit @ 2025-04-18
  fit @ 2025-07-18
  fit @ 2025-10-17

[seed=1] Mean gates: {'gate_finance': 0.64, 'gate_shipping': 0.36}
[seed=1] Top ship nodes: ['P007', 'P010', 'P006', 'P011', 'P003']

=== M3_Deep_gated seed=2 lb=4 epochs=80 ===
  fit @ 2021-01-22
  fit @ 2021-04-23
  fit @ 2021-07-23
  fit @ 2021-10-22
  fit @ 2022-01-21
  fit @ 2022-04-22
  fit @ 2022-07-22
  fit @ 2022-10-21
  fit @ 2023-01-20
  fit @ 2023-04-21
  fit @ 2023-07-21
  fit @ 2023-10-20
  fit @ 2024-01-19
  fit @ 2024-04-19
  fit @ 2024-07-19
  fit @ 2024-10-18
  fit @ 2025-01-17
  fit @ 2025-04-18
  fit @ 2025-07-18
  fit @ 2025-10-17

[seed=2] Mean gates: {'gate_finance': 0.645, 'gate_shipping': 0.355}
[seed=2] Top ship nodes: ['hormuz', 'panama', 'suez', 'malacca', 'P002']

Saved: /Users/shirly/CASA/casa0004 Dissertation/05_outputs/baselines/Deep/M3_Deep/deep_m3_gate_weekly.csv
       /Users/shirly/CASA/casa0004 Dissertation/05_outputs/baselines/Deep/M3_Deep/deep_m3_interpret.png
       /Users/shirly/CASA/casa0004 Dissertation/05_outputs/baselines/Deep/M3_Deep/deep_m3_interpret_stability.png
