deep dataset N=361 lookback=4  (seed=42, epochs=80)

  M3_Deep   concat  skill=-0.22% DirAcc=0.514 RMSE=4.161109 (134s)
  M3_Deep   gated   skill=+0.15% DirAcc=0.537 RMSE=4.145611 (273s)
  M3_Deep   xattn   skill=+1.00% DirAcc=0.553 RMSE=4.110184 (404s)
  M2_Deep   concat  skill=-2.01% DirAcc=0.529 RMSE=4.235220 (425s)
  M2_Deep   gated   skill=-2.43% DirAcc=0.475 RMSE=4.252788 (446s)
  M2_Deep   xattn   skill=-5.87% DirAcc=0.455 RMSE=4.395647 (466s)
  M4_Deep   concat  skill=-8.30% DirAcc=0.451 RMSE=4.496440 [repro 4.496450 d=-1.02e-05] (609s)
  M4_Deep   gated   skill=-0.68% DirAcc=0.490 RMSE=4.180079 [repro 4.179646 d=+4.33e-04] (758s)
  M4_Deep   xattn   skill=+0.19% DirAcc=0.560 RMSE=4.143723 (906s)

forecast paths: 9 cells x 257 origins on one shared calendar -> deep_fusion_predictions.csv
  reproducibility M4_Deep gated: 4.180079 vs 4.179646  *** DRIFT ***
  reproducibility M4_Deep concat: 4.496440 vs 4.496450  *** DRIFT ***

============================================================
Skill vs M0 (%)  [>0 beats the random walk, descriptive]:
fusion   concat  gated  xattn
combo                        
M3_Deep   -0.22  +0.15  +1.00
M2_Deep   -2.01  -2.43  -5.87
M4_Deep   -8.30  -0.68  +0.19

RMSE (USD/barrel):
fusion   concat  gated  xattn
combo                        
M3_Deep   4.161  4.146  4.110
M2_Deep   4.235  4.253  4.396
M4_Deep   4.496  4.180  4.144

Forecast-comparison tests are NOT reported here. Run:
  python3 04_code/scripts/tools/build_test_tables.py
============================================================
Saved: /Users/shirly/CASA/casa0004 Dissertation/05_outputs/baselines/Deep/_cross/deep_fusion_matrix.csv
       /Users/shirly/CASA/casa0004 Dissertation/05_outputs/baselines/Deep/_cross/deep_fusion_matrix.png
Elapsed 907s
