Sweep: 23 runs (epochs=80)
  [1/23] hyper m3_deep_gated seed=42 lb=4 d=32 rs=meanpool lr=1e-03 wd=1e-04 dp=0.1 skill=+0.15% DMvsM0=0.4266 DMvsFlatS1=0.0582 (110s)
  [2/23] hyper m3_deep_gated seed=42 lb=4 d=64 rs=meanpool lr=1e-03 wd=1e-04 dp=0.1 skill=-0.75% DMvsM0=0.9055 DMvsFlatS1=0.1454 (211s)
  [3/23] hyper m3_deep_gated seed=42 lb=8 d=32 rs=meanpool lr=1e-03 wd=1e-04 dp=0.1 skill=+0.25% DMvsM0=0.3857 DMvsFlatS1=0.0458 (419s)
  [4/23] hyper m3_deep_gated seed=42 lb=8 d=64 rs=meanpool lr=1e-03 wd=1e-04 dp=0.1 skill=-1.06% DMvsM0=0.8667 DMvsFlatS1=0.1990 (620s)
  [5/23] hyper m3_deep_gated seed=42 lb=12 d=32 rs=meanpool lr=1e-03 wd=1e-04 dp=0.1 skill=-0.06% DMvsM0=0.5242 DMvsFlatS1=0.0763 (874s)
  [6/23] hyper m3_deep_gated seed=42 lb=12 d=64 rs=meanpool lr=1e-03 wd=1e-04 dp=0.1 skill=-1.08% DMvsM0=0.9055 DMvsFlatS1=0.2246 (1137s)
  [7/23] hyper m3_deep_gated seed=42 lb=4 d=32 rs=meanpool lr=1e-03 wd=1e-04 dp=0.1 skill=-1.26% DMvsM0=0.8964 DMvsFlatS1=0.2694 (1199s)
  [8/23] rs    m_rs_deep seed=42 lb=4 d=32 rs=meanpool lr=1e-03 wd=1e-04 dp=0.1 skill=-2.30% DMvsM0=0.9908 DMvsFlatS1=0.4573 (1208s)
  [9/23] rs    m_rs_deep seed=42 lb=4 d=32 rs=cls      lr=1e-03 wd=1e-04 dp=0.1 skill=-11.03% DMvsM0=0.9542 DMvsFlatS1=0.8961 (1217s)
  [10/23] rs    m_rs_deep seed=42 lb=4 d=32 rs=meanpool lr=1e-03 wd=1e-04 dp=0.3 skill=-0.94% DMvsM0=0.8659 DMvsFlatS1=0.1975 (1225s)
  [11/23] rs    m_rs_deep seed=42 lb=4 d=32 rs=meanpool lr=1e-03 wd=1e-03 dp=0.1 skill=-2.33% DMvsM0=0.9924 DMvsFlatS1=0.4635 (1234s)
  [12/23] rs    m_rs_deep seed=42 lb=4 d=32 rs=meanpool lr=1e-03 wd=1e-03 dp=0.3 skill=-0.90% DMvsM0=0.8622 DMvsFlatS1=0.1953 (1243s)
  [13/23] rs    m_rs_deep seed=42 lb=4 d=32 rs=meanpool lr=3e-04 wd=1e-04 dp=0.1 skill=-1.85% DMvsM0=0.9663 DMvsFlatS1=0.3677 (1252s)
  [14/23] rs    m_rs_deep seed=42 lb=4 d=32 rs=meanpool lr=3e-04 wd=1e-04 dp=0.3 skill=-0.93% DMvsM0=0.9147 DMvsFlatS1=0.1813 (1260s)
  [15/23] rs    m_rs_deep seed=42 lb=4 d=32 rs=meanpool lr=3e-04 wd=1e-03 dp=0.1 skill=-1.64% DMvsM0=0.9530 DMvsFlatS1=0.3272 (1269s)
  [16/23] rs    m_rs_deep seed=42 lb=4 d=32 rs=meanpool lr=3e-04 wd=1e-03 dp=0.3 skill=-0.97% DMvsM0=0.9213 DMvsFlatS1=0.1880 (1277s)
  [17/23] reg   m3_deep_gated seed=42 lb=4 d=32 rs=meanpool lr=1e-03 wd=1e-04 dp=0.3 skill=+0.15% DMvsM0=0.4285 DMvsFlatS1=0.0536 (1381s)
  [18/23] reg   m3_deep_gated seed=42 lb=4 d=32 rs=meanpool lr=1e-03 wd=1e-03 dp=0.1 skill=+0.16% DMvsM0=0.4249 DMvsFlatS1=0.0557 (1480s)
  [19/23] reg   m3_deep_gated seed=42 lb=4 d=32 rs=meanpool lr=1e-03 wd=1e-03 dp=0.3 skill=+0.21% DMvsM0=0.3973 DMvsFlatS1=0.0472 (1582s)
  [20/23] reg   m3_deep_gated seed=42 lb=4 d=32 rs=meanpool lr=3e-04 wd=1e-04 dp=0.1 skill=-0.05% DMvsM0=0.5221 DMvsFlatS1=0.0770 (1709s)
  [21/23] reg   m3_deep_gated seed=42 lb=4 d=32 rs=meanpool lr=3e-04 wd=1e-04 dp=0.3 skill=+0.18% DMvsM0=0.3873 DMvsFlatS1=0.0500 (1853s)
  [22/23] reg   m3_deep_gated seed=42 lb=4 d=32 rs=meanpool lr=3e-04 wd=1e-03 dp=0.1 skill=-0.12% DMvsM0=0.5586 DMvsFlatS1=0.0831 (1986s)
  [23/23] reg   m3_deep_gated seed=42 lb=4 d=32 rs=meanpool lr=3e-04 wd=1e-03 dp=0.3 skill=+0.20% DMvsM0=0.3781 DMvsFlatS1=0.0479 (2122s)

==============================================================================
Multi-seed stability is not produced here. See deep_seed_summary.csv (run_deep_multiseed.py -> pool_deep_seeds.py).

Hyperparam sweep (fusion, seed=42):
 lookback  d  gat  skill_vs_M0  DirAcc  DM_p_vs_M0  DM_p_vs_Flat_S1
        4 32    1      -0.0126  0.5292      0.8964           0.2694
        4 32    2       0.0015  0.5370      0.4266           0.0582
        4 64    2      -0.0075  0.5058      0.9055           0.1454
        8 32    2       0.0025  0.5375      0.3857           0.0458
        8 64    2      -0.0106  0.4664      0.8667           0.1990
       12 32    2      -0.0006  0.5141      0.5242           0.0763
       12 64    2      -0.0108  0.4739      0.9055           0.2246

RS branch (P1-5) — embedding type @ default reg (lr1e-3/wd1e-4/dp0.1):
  cls     : skill -11.03%  DirAcc 0.459  DMvsM0_p 0.9542
  meanpool: skill -2.30%  DirAcc 0.459  DMvsM0_p 0.9908
  meanpool regularisation grid (best skill first):
    lr     wd  dropout  skill_vs_M0  DirAcc  DM_p_vs_M0  DM_p_vs_Flat_S1
0.0010 0.0010   0.3000      -0.0090  0.4903      0.8622           0.1953
0.0003 0.0001   0.3000      -0.0093  0.4591      0.9147           0.1813
0.0010 0.0001   0.3000      -0.0094  0.4903      0.8659           0.1975
0.0003 0.0010   0.3000      -0.0097  0.4591      0.9213           0.1880
0.0003 0.0010   0.1000      -0.0164  0.4553      0.9530           0.3272
0.0003 0.0001   0.1000      -0.0185  0.4358      0.9663           0.3677
0.0010 0.0001   0.1000      -0.0230  0.4591      0.9908           0.4573
0.0010 0.0010   0.1000      -0.0233  0.4280      0.9924           0.4635
  => best meanpool reg: lr=1e-03 wd=1e-03 dp=0.3 skill=-0.90% (vs default meanpool -2.30%)

Main fusion regularisation grid (P1-6, seed=42 lb=4; best skill first):
    lr     wd  dropout  skill_vs_M0  DirAcc  DM_p_vs_M0  DM_p_vs_Flat_S1
0.0010 0.0010   0.3000       0.0021  0.5564      0.3973           0.0472
0.0003 0.0010   0.3000       0.0020  0.5525      0.3781           0.0479
0.0003 0.0001   0.3000       0.0018  0.5603      0.3873           0.0500
0.0010 0.0010   0.1000       0.0016  0.5447      0.4249           0.0557
0.0010 0.0001   0.3000       0.0015  0.5447      0.4285           0.0536
0.0003 0.0001   0.1000      -0.0005  0.5331      0.5221           0.0770
0.0003 0.0010   0.1000      -0.0012  0.5292      0.5586           0.0831
==============================================================================

Elapsed 2122s
Saved: /Users/shirly/CASA/casa0004 Dissertation/05_outputs/baselines/Deep/_cross/deep_sweep_summary.csv
       /Users/shirly/CASA/casa0004 Dissertation/05_outputs/baselines/Deep/_cross/deep_sweep.png
